Warning: To increase security of your API key located at /home/runner/.oci/key.pem, append an extra line with 'OCI_API_KEY' at the end. For more information, refer to https://docs.oracle.com/iaas/Content/API/Concepts/apisigningkey.htm. To suppress the warning, set the env variable SUPPRESS_LABEL_WARNING=True
[lab] instance state: RUNNING
[lab] already RUNNING — nothing to start
[lab] instance RUNNING
Warning: To increase security of your API key located at /home/runner/.oci/key.pem, append an extra line with 'OCI_API_KEY' at the end. For more information, refer to https://docs.oracle.com/iaas/Content/API/Concepts/apisigningkey.htm. To suppress the warning, set the env variable SUPPRESS_LABEL_WARNING=True
::warning::SSH_KNOWN_HOSTS not set — trusting the lab host key on first use
[lab] lab = ubuntu@161.153.73.41; waiting for SSH
[lab] systemd: running
[agent] preflight ok: aa-nvcm-vlab-3 · Ubuntu 24.04.5 LTS · 20 cpu · 48 GiB · 553G free
[agent] moved previous checkout aside -> /home/ubuntu/launchpad/previous-clones/rafay_nvcm_poc.20261008T055742Z
[agent] checked out ramakrishna-rafay/rafay_nvcm_poc@prototype_fixes (38b32b0 Merge PR #19: tenant/server API surface, mock controller, hardening, platform fixes)
RUN_KEY=37734935488-1
RUN_DIR=/home/ubuntu/launchpad/runs/37734935488-1
POC_DIR=/home/ubuntu/rafay_nvcm_poc
POC_REPO=ramakrishna-rafay/rafay_nvcm_poc
POC_BRANCH=prototype_fixes
POC_SHA=38b32b05492faaa0461d91ea86db11ef421bfe3f
LAB_IP=10.0.0.133
BLUEPRINT_SOURCE=existing
TENANTS=3-10
