[launchpad] stage=platform-install-2 branch=aa_prototype_fixes sha=12febd64b1dc7d9bf13ff74655502599be011bfd started=2026-09-29T17:46:00Z
[install] → platform/rafay-custom-helm.sh install --yes --platform-only

══════════════════════════════════════════════════════════════════════
  Part II — install the Rafay customization layer
══════════════════════════════════════════════════════════════════════
[rafay] toolchain OK (docker/kind/kubectl/helm).
[rafay] platform preflight OK — both content PVCs present, render-api mounts the templates PVC.

══════════════════════════════════════════════════════════════════════
  Build the package
══════════════════════════════════════════════════════════════════════
[rafay] build mode: GENERIC platform package — no site data (seed a site later: seed_site_jobs.sh).
[rafay]             baked single-site instead:  /home/ubuntu/rafay_nvcm_poc/deploy_scripts/platform/rafay-custom-helm.sh install --blueprint <path>/blueprint_<site>.yaml
mode: PLATFORM-ONLY — generic engine, no site data (deliver it later: Part 2, seed_site_jobs.sh)
  platform-only: site designs EXCLUDED; blueprint NOT vendored (Part 2 delivers both)
staged payload:
  16K	/home/ubuntu/rafay_nvcm_poc/charts/rafay-nvcm-stack/files/plugins.tgz
  172K	/home/ubuntu/rafay_nvcm_poc/charts/rafay-nvcm-stack/files/jobs.tgz
  (ConfigMap object limit is ~1 MB total, incl. base64 overhead — keep both well under that)
Successfully packaged chart and saved it to: /home/ubuntu/rafay_nvcm_poc/charts/rafay-nvcm-stack/rafay-nvcm-stack-0.2.4.tgz
[rafay] packaged: /home/ubuntu/rafay_nvcm_poc/charts/rafay-nvcm-stack/rafay-nvcm-stack-0.2.4.tgz (210792 bytes, payload embedded)
[rafay] no blueprint currently seeded on this cluster — nothing to preserve (a fresh/platform-only install, the usual case).

══════════════════════════════════════════════════════════════════════
  Helm install — release 'rafay-nvcm' (namespace 'nv-config-manager', --timeout 25m)
══════════════════════════════════════════════════════════════════════
[rafay] release 'rafay-nvcm' already exists (deployed) — using 'helm upgrade' (idempotent).
Release "rafay-nvcm" has been upgraded. Happy Helming!
NAME: rafay-nvcm
LAST DEPLOYED: Tue Sep 29 17:46:01 2026
NAMESPACE: nv-config-manager
STATUS: deployed
REVISION: 2
TEST SUITE: None
NOTES:
Rafay NVCM customization layer (Part 1) — release rafay-nvcm → namespace nv-config-manager

The post-install hook has (or will shortly):
  • seeded the Nautobot job packages onto PVC nautobot-custom-jobs
  • seeded the render plugin + NVUE templates onto PVC render-service-template-plugins, then restarted render-api
  • suppressed the NVIDIA "Load Bootstrap Data" noise
  • registered the GitRepository "rafay_nvcm_catalog" if it was absent
  • synced the GitRepository "rafay_nvcm_catalog" + enabled its git jobs

VERIFY:
  kubectl -n nv-config-manager logs job -l app.kubernetes.io/instance=rafay-nvcm,rafay.io/hook=ops
  kubectl -n nv-config-manager get pods -l app.kubernetes.io/name=nv-config-manager-render-api   # render-api Running
  kubectl -n nv-config-manager exec deploy/nv-config-manager-render-api >/dev/null 2>&1 || true

The numbered runbook (0.1 … 7.1) should be registered + enabled in the Nautobot Jobs UI.

GitRepository registration is now AUTOMATIC (gitRepo.register). The bootstrap repo is public by default, so no
secret is needed. For a PRIVATE repo, create a k8s Secret with the git token and reference it — the chart never
embeds the token in values:
  kubectl -n nv-config-manager create secret generic rafay-git --from-literal=token=<PAT>
  helm upgrade rafay-nvcm <chart> -n nv-config-manager --set gitRepo.tokenSecret.name=rafay-git

══════════════════════════════════════════════════════════════════════
  Verify — post-install acceptance check (read-only)
══════════════════════════════════════════════════════════════════════
== Part 1 install verification — ns=nv-config-manager release=rafay-nvcm ==
1) Helm release deployed?
   [PASS] helm release 'rafay-nvcm' STATUS=deployed
2) Target PVCs present?
   [PASS] PVC 'nautobot-custom-jobs' present
   [PASS] PVC 'render-service-template-plugins' present
3) render-api wired for template plugins?
   [PASS] render-api mounts 'render-service-template-plugins'
   [PASS] render-api has the install-template-plugins init container
4-6) Nautobot jobs / suppress / GitOps (read-only ORM)...
   [PASS] 25 numbered runbook job(s) registered + enabled
          - 0.1 · Load foundation catalog (generic)
          - 1a · Validate blueprint
          - 2.0 · Foundation (locations/roles/device-types from blueprint)
          - 2.1 · Devices (switches + edge)
          - 2.2 · Cables
          - 2.3 · Devices + Cables
          - 3.1 · Tenant — Create / Delete (gated)
          - 3.2 · Tenant — Onboard (overlay engine)
          - 3.3 · Tenant — Offboard (overlay engine)
          - 3.4 · Tenant — Drift Check (desired vs intent)
          - 3.5 · Tenant — Reap Abandoned Workflows
          - 3.6 · Tenant — List
          - 3.7 · Tenant — Get
          - 4.1 · Register (add to free pool)
          - 4.1a · Set availability
          - 4.1b · Unregister (retire)
          - 4.2 · Attach to tenant
          - 4.3 · Move to another tenant
          - 4.4 · Detach from tenant
          - 4.5 · Assign GPU to tenant
          - 4.6 · Release GPU to free pool
          - 4.7 · Server — Drift Check (desired vs intent)
          - 5.1 · PKey + SR-IOV rails (config-ready)
          - 6.1 · Deploy Whole DC (render + push all)
          - 7.1 · Drift — Detect (running vs intent)
   [PASS] package blueprint_validate: 1 job(s) registered
   [PASS] package site_provision: 4 job(s) registered
   [PASS] package tenant: 2 job(s) registered
   [PASS] package lifecycle: 6 job(s) registered
   [PASS] package server: 9 job(s) registered
   [PASS] package ib: 1 job(s) registered
   [PASS] package provision: 1 job(s) registered
   [PASS] package drift: 1 job(s) registered
   [PASS] NVIDIA 'Load Bootstrap Data' loader suppressed
   [PASS] GitRepository 'rafay_nvcm_catalog' registered (2010a776-d167-4037-bc88-c8e4e6ed42fc)
   [PASS] 1 git-synced job(s) enabled
   [PASS] cluster history: clean (no 'STC ' names, no '… (2)' collisions)
7) render-api healthy?
   [PASS] render-api availableReplicas=1

==============  INSTALL VERIFIED (19 checks) — Part 1 is installed and ready to use  ==============
[rafay] PART II COMPLETE — Rafay layer installed and verified. Full verdict any time: platform/verify_platform_install.sh all
[install] → platform/verify_platform_install.sh all

══════════════════════════════════════════════════════════════════════
  Verify — Part I: NVCM + Nautobot
══════════════════════════════════════════════════════════════════════
  Part I — NVCM + Nautobot readiness (namespace nv-config-manager):
   [PASS] all pods Running/Completed
   [PASS] render-api available (replicas=1)
   [PASS] Nautobot web available (replicas=1)
   [WARN] ingress gateway not PROGRAMMED — normal on kind (no external LB); does not block Day-0 operation.
          If the UIs are unreachable, use kubectl port-forward or check the gateway (setup_guide.md §14).
   [PASS] PVC nautobot-custom-jobs present
   [PASS] PVC render-service-template-plugins present
   [PASS] render-api mounts render-service-template-plugins
   [PASS] admin token secret present
[verify] Part I: READY

══════════════════════════════════════════════════════════════════════
  Verify — Part II: Rafay customization layer (the acceptance test)
══════════════════════════════════════════════════════════════════════
== Part 1 install verification — ns=nv-config-manager release=rafay-nvcm ==
1) Helm release deployed?
   [PASS] helm release 'rafay-nvcm' STATUS=deployed
2) Target PVCs present?
   [PASS] PVC 'nautobot-custom-jobs' present
   [PASS] PVC 'render-service-template-plugins' present
3) render-api wired for template plugins?
   [PASS] render-api mounts 'render-service-template-plugins'
   [PASS] render-api has the install-template-plugins init container
4-6) Nautobot jobs / suppress / GitOps (read-only ORM)...
   [PASS] 25 numbered runbook job(s) registered + enabled
          - 0.1 · Load foundation catalog (generic)
          - 1a · Validate blueprint
          - 2.0 · Foundation (locations/roles/device-types from blueprint)
          - 2.1 · Devices (switches + edge)
          - 2.2 · Cables
          - 2.3 · Devices + Cables
          - 3.1 · Tenant — Create / Delete (gated)
          - 3.2 · Tenant — Onboard (overlay engine)
          - 3.3 · Tenant — Offboard (overlay engine)
          - 3.4 · Tenant — Drift Check (desired vs intent)
          - 3.5 · Tenant — Reap Abandoned Workflows
          - 3.6 · Tenant — List
          - 3.7 · Tenant — Get
          - 4.1 · Register (add to free pool)
          - 4.1a · Set availability
          - 4.1b · Unregister (retire)
          - 4.2 · Attach to tenant
          - 4.3 · Move to another tenant
          - 4.4 · Detach from tenant
          - 4.5 · Assign GPU to tenant
          - 4.6 · Release GPU to free pool
          - 4.7 · Server — Drift Check (desired vs intent)
          - 5.1 · PKey + SR-IOV rails (config-ready)
          - 6.1 · Deploy Whole DC (render + push all)
          - 7.1 · Drift — Detect (running vs intent)
   [PASS] package blueprint_validate: 1 job(s) registered
   [PASS] package site_provision: 4 job(s) registered
   [PASS] package tenant: 2 job(s) registered
   [PASS] package lifecycle: 6 job(s) registered
   [PASS] package server: 9 job(s) registered
   [PASS] package ib: 1 job(s) registered
   [PASS] package provision: 1 job(s) registered
   [PASS] package drift: 1 job(s) registered
   [PASS] NVIDIA 'Load Bootstrap Data' loader suppressed
   [PASS] GitRepository 'rafay_nvcm_catalog' registered (2010a776-d167-4037-bc88-c8e4e6ed42fc)
   [PASS] 1 git-synced job(s) enabled
   [PASS] cluster history: clean (no 'STC ' names, no '… (2)' collisions)
7) render-api healthy?
   [PASS] render-api availableReplicas=1

==============  INSTALL VERIFIED (19 checks) — Part 1 is installed and ready to use  ==============
[verify] Part II: READY
[verify] env-backed Secrets (report-only — a platform-config gap surfaces at job RUN time, not here):
    env-backed Secrets that do NOT resolve: 0
[verify] unresolved = INFORMATIONAL here; jobs that read them (e.g. 1b Discover) fail at RUN time. Fix:
[verify]    inject the variables into the Nautobot + celery deployments via NVCM's Helm values —
[verify]    exact steps: docs/gitops_repo_design.md §10, 'G1 — the action that closes it, concretely'.

══════════════════════════════════════════════════════════════════════
  Verify — Telemetry: NVCM's own stack + the Rafay-layer extras (deep check, not part of 'nvcm')
══════════════════════════════════════════════════════════════════════
  NVCM telemetry — Prometheus + Alloy + PodMonitors (namespace nv-config-manager):
   [PASS] Prometheus running (metric store)
   [PASS] Grafana Alloy running (scrapes every pod; also the log pipeline)
   [PASS] 11 PodMonitor(s) defined (what Alloy scrapes)
   [INFO] Grafana not present — query Prometheus directly instead
   [PASS] Tempo present (trace store)
[verify] Telemetry (NVCM stack): READY
  Telemetry extras added by the Rafay layer (report-only):
   [PASS] Loki present — pod logs are being stored (they survive a pod restart)
   [PASS] grafana route present (reachable without an SSH tunnel)
   [PASS] prometheus route present (reachable without an SSH tunnel)

══════════════════════════════════════════════════════════════════════
  Cluster state (report-only — never fails; act on it with platform/platform_cluster.sh)
══════════════════════════════════════════════════════════════════════
[verify] PVC module layouts (a package under BOTH /jobs and /jobs/custom registers twice):
    /opt/nautobot/jobs: blueprint_validate, common, drift, ib, lifecycle, nv_config_manager_jobs, provision, server, site_provision, tenant
    /opt/nautobot/jobs/custom: (none)
[verify] STALE records (installed=False — module gone, cannot run; 'platform/platform_cluster.sh clean' deletes these):
    total: 0
[verify] name COLLISIONS (enabled '… (2)' / 'STC ' records; 'clean --collisions' deletes those with no history):
    total: 0
[verify] LEGACY bootstrap-repo jobs (repo retired from this codebase; live records are YOUR call — guide A0):
    total: 0

══════════════════════════════════════════════════════════════════════
  Verdict
══════════════════════════════════════════════════════════════════════
[verify] PLATFORM VERIFIED — NVCM + Nautobot + the Rafay layer + telemetry are installed and ready on this OCI.

[install] PLATFORM READY — installed and verified (scope: rafay).
[install] Next → Part 2 (data-center bring-up, when a customer's blueprint exists):
[install]        DC_BLUEPRINT=<site>/blueprint_<site>.yaml deploy_scripts/fabric/seed_site_jobs.sh && deploy_scripts/dc-up.sh --blueprint <file>
