[launchpad] stage=host-prep branch=aa_prototype_fixes sha=12febd64b1dc7d9bf13ff74655502599be011bfd started=2026-09-30T05:20:39Z
DNS configuration Start (1)...
[dns] Network interface : enp0s9
[dns] MAC address       : 02:00:17:0e:9b:a1
[dns] Configuring public DNS...
[dns] Validating Netplan configuration...
[dns] Applying network configuration...
[dns] Verifying DNS...
[dns] DNS not ready yet, retrying (1/10)...
[dns] DNS resolution working.
[dns] Public DNS configuration completed successfully.
DNS configuration End (1) ...
Hit:1 http://security.ubuntu.com/ubuntu noble-security InRelease
Hit:2 http://phx-ad-3.clouds.archive.ubuntu.com/ubuntu noble InRelease
Hit:3 http://phx-ad-3.clouds.archive.ubuntu.com/ubuntu noble-updates InRelease
Hit:4 http://phx-ad-3.clouds.archive.ubuntu.com/ubuntu noble-backports InRelease
Reading package lists...
Reading package lists...
Building dependency tree...
Reading state information...
git is already the newest version (1:2.43.0-1ubuntu7.3).
curl is already the newest version (8.5.0-2ubuntu10.15).
ca-certificates is already the newest version (20260601~24.04.1).
jq is already the newest version (1.7.1-3ubuntu0.24.04.2).
qemu-system-x86 is already the newest version (1:8.2.2+ds-0ubuntu1.18).
libvirt-daemon-system is already the newest version (10.0.0-2ubuntu8.19).
libvirt-clients is already the newest version (10.0.0-2ubuntu8.19).
virtinst is already the newest version (1:4.1.0-3ubuntu0.1).
bridge-utils is already the newest version (1.7.1-1ubuntu2).
dnsmasq-base is already the newest version (2.91-0ubuntu0.24.04.1).
sshpass is already the newest version (1.09-1).
cloud-image-utils is already the newest version (0.33-1).
docker.io is already the newest version (29.1.3-0ubuntu3~24.04.2).
docker-buildx is already the newest version (0.30.1-0ubuntu1~24.04.1).
0 upgraded, 0 newly installed, 0 to remove and 20 not upgraded.
DNS configuration Start (2)...
[dns] Network interface : enp0s9
[dns] MAC address       : 02:00:17:0e:9b:a1
[dns] Configuring public DNS...
[dns] Validating Netplan configuration...
[dns] Applying network configuration...
[dns] Verifying DNS...
[dns] DNS not ready yet, retrying (1/10)...
[dns] DNS resolution working.
[dns] Public DNS configuration completed successfully.
DNS configuration End (2) ...
github.com/docker/buildx 0.30.1 0.30.1-0ubuntu1~24.04.1
>>> Host prep done. LOG OUT and BACK IN now (for docker/kvm/libvirt group membership), then continue.
