============================================================
WORKFLOW RUN 37535757845.1 · lab qanode1 · config/stages-greenfield.sh · aa_prototype_fixes @ 
Started 2026-10-06T21:42:38Z · https://github.com/anushkaa-rafay/rafay-nvcm-launchpad/actions/runs/37535757845
============================================================

============================================================
STAGE 01: host-prep (phase: platform)
============================================================

[2026-10-06 21:42:54 UTC] INFO  Stage host-prep not run — an earlier stage or phase did not pass

------------------------------------------------------------
STAGE STATUS: SKIPPED
------------------------------------------------------------


============================================================
STAGE 02: platform-install-1 (phase: platform)
============================================================

[2026-10-06 21:42:54 UTC] INFO  Stage platform-install-1 not run — an earlier stage or phase did not pass

------------------------------------------------------------
STAGE STATUS: SKIPPED
------------------------------------------------------------


============================================================
STAGE 03: platform-install-2 (phase: platform)
============================================================

[2026-10-06 21:42:54 UTC] INFO  Stage platform-install-2 not run — an earlier stage or phase did not pass

------------------------------------------------------------
STAGE STATUS: SKIPPED
------------------------------------------------------------


============================================================
STAGE 04: verify-platform (phase: platform)
============================================================

[2026-10-06 21:42:54 UTC] INFO  Stage verify-platform not run — an earlier stage or phase did not pass

------------------------------------------------------------
STAGE STATUS: SKIPPED
------------------------------------------------------------


============================================================
STAGE 05: blueprint (phase: site)
============================================================

[2026-10-06 21:42:54 UTC] INFO  Stage blueprint not run — an earlier stage or phase did not pass

------------------------------------------------------------
STAGE STATUS: SKIPPED
------------------------------------------------------------


============================================================
STAGE 06: substrate (phase: site)
============================================================

[2026-10-06 21:42:54 UTC] INFO  Stage substrate not run — an earlier stage or phase did not pass

------------------------------------------------------------
STAGE STATUS: SKIPPED
------------------------------------------------------------


============================================================
STAGE 07: dc-bringup (phase: bringup)
============================================================

[2026-10-06 21:42:54 UTC] INFO  Stage dc-bringup not run — an earlier stage or phase did not pass

------------------------------------------------------------
STAGE STATUS: SKIPPED
------------------------------------------------------------


============================================================
WORKFLOW STATUS: FAILED (failed stage: boot (instance start / SSH / clone))
============================================================
