[launchpad] stage=substrate branch=aa_prototype_fixes sha=12febd64b1dc7d9bf13ff74655502599be011bfd started=2026-09-29T14:51:28Z
[fetch-image] present: /var/lib/libvirt/images/cumulus-vx-5.6.0-base.qcow2 (skip)
[fetch-image] present: /var/lib/libvirt/images/ubuntu-22.04-server-cloudimg-amd64.qcow2 (skip)
[fetch-image] base images ready under /var/lib/libvirt/images
╔════════════════════════════════════════════════════════════════════╗
║  one-click bring-up    mode=apply  approve=auto  from=substrate to=substrate
║  blueprint=/home/ubuntu/rafay_nvcm_poc/stc/blueprint_stc.yaml   oci=10.0.0.133   tenants=3-11
╚════════════════════════════════════════════════════════════════════╝
== preflight: /home/ubuntu/rafay_nvcm_poc/stc/blueprint_stc.yaml ==
  PASS  fabric_mtu is a sane jumbo value 1500..9216 — site policy, not one reference's number (got 9216)
  PASS  at least one spine defined (got 2)
  PASS  at least one leaf defined (got 6)
  PASS  leaf RMDC-GPU-LETH01 has one uplink port per spine (swp1, swp2); missing none  [no `uplinks:` declared, so the swp{n} default was assumed]
  PASS  leaf RMDC-GPU-LETH02 has one uplink port per spine (swp1, swp2); missing none  [no `uplinks:` declared, so the swp{n} default was assumed]
  PASS  leaf RMDC-GPU-LETH03 has one uplink port per spine (swp1, swp2); missing none  [no `uplinks:` declared, so the swp{n} default was assumed]
  PASS  leaf RMDC-GPU-LETH04 has one uplink port per spine (swp1, swp2); missing none  [no `uplinks:` declared, so the swp{n} default was assumed]
  PASS  leaf RMDC-GPU-LETH05 has one uplink port per spine (swp1, swp2); missing none  [no `uplinks:` declared, so the swp{n} default was assumed]
  PASS  leaf RMDC-GPU-LETH06 has one uplink port per spine (swp1, swp2); missing none  [no `uplinks:` declared, so the swp{n} default was assumed]
  PASS  spine RMDC-GPU-SETH01 has >= 6 fabric ports (got 6)
  PASS  spine RMDC-GPU-SETH02 has >= 6 fabric ports (got 6)
  PASS  RMDC-GPU-SETH01 fabric_ports has no duplicates (['swp1', 'swp2', 'swp3', 'swp4', 'swp5', 'swp6'])
  PASS  RMDC-GPU-SETH02 fabric_ports has no duplicates (['swp1', 'swp2', 'swp3', 'swp4', 'swp5', 'swp6'])
  PASS  RMDC-GPU-LETH01 fabric_ports has no duplicates (['swp1', 'swp2'])
  PASS  RMDC-GPU-LETH02 fabric_ports has no duplicates (['swp1', 'swp2'])
  PASS  RMDC-GPU-LETH03 fabric_ports has no duplicates (['swp1', 'swp2'])
  PASS  RMDC-GPU-LETH04 fabric_ports has no duplicates (['swp1', 'swp2'])
  PASS  RMDC-GPU-LETH05 fabric_ports has no duplicates (['swp1', 'swp2', 'swp5', 'swp6', 'swp7'])
  PASS  RMDC-GPU-LETH06 fabric_ports has no duplicates (['swp1', 'swp2', 'swp5', 'swp6', 'swp7'])
  PASS  RMDC-GPU-OOB01 fabric_ports has no duplicates (['swp1', 'swp2'])
  PASS  RMDC-GPU-OOB02 fabric_ports has no duplicates (['swp1', 'swp2'])
  PASS  RMDC-GPU-OOB03 fabric_ports has no duplicates (['swp1', 'swp2'])
  PASS  cabling.dcgw_links references known DC-GW RMDC-DC-R-01
  PASS  dcgw_link leaf RMDC-GPU-LETH05 exists
  PASS  dcgw_link leaf RMDC-GPU-LETH06 exists
  PASS  cabling.dcgw_links references known DC-GW RMDC-DC-R-02
  PASS  dcgw_link leaf RMDC-GPU-LETH05 exists
  PASS  dcgw_link leaf RMDC-GPU-LETH06 exists
  PASS  vfw_cable leaf RMDC-GPU-LETH05 exists
  PASS  vfw_cable leaf RMDC-GPU-LETH06 exists
  PASS  oob_attach device RMDC-GPU-OOB01 exists
  PASS  oob_attach device RMDC-GPU-OOB02 exists
  PASS  oob_attach device RMDC-GPU-OOB03 exists
  PASS  servers.role declared (required by the servers design)
  PASS  servers.manufacturer declared (required by the servers design)
  PASS  servers.device_type declared (required by the servers design)
  PASS  servers.platform declared (required by the servers design)
  PASS  servers.nodes declared (required by the servers design)
  PASS  servers.device_type 'Generic Server' is declared in foundation.device_types
  PASS  servers.role 'GPU' is declared in foundation.roles
  PASS  server gpu-01 attaches to 'RMDC-GPU-LETH01', which exists and is a fabric switch
  PASS  server gpu-01 port RMDC-GPU-LETH01:swp3 is not a fabric uplink
  PASS  server gpu-02 attaches to 'RMDC-GPU-LETH02', which exists and is a fabric switch
  PASS  server gpu-02 port RMDC-GPU-LETH02:swp3 is not a fabric uplink
  PASS  tenant set '3-11' within 3..100 (bad: none)
  PASS  tenant_policy block present
  PASS  tenant_policy.hgx_vlan.base is int
  PASS  tenant_policy.hgx_l2vni.vni_offset is int
  PASS  tenant_policy.hgx_l2vni.tracks is str
  PASS  tenant_policy.hgx_subnet.supernet is str
  PASS  tenant_policy.hgx_subnet.third_octet_base is int
  PASS  tenant_policy.hgx_subnet.prefix_len is int
  PASS  tenant_policy.nfs_vlan.base is int
  PASS  tenant_policy.nfs_vlan.over90_base is int
  PASS  tenant_policy.nfs_vlan.over90_from is int
  PASS  tenant_policy.nfs_l2vni.vni_offset is int
  PASS  tenant_policy.nfs_l2vni.tracks is str
  PASS  tenant_policy.nfs_subnet.supernet is str
  PASS  tenant_policy.nfs_subnet.prefix_len is int
  PASS  tenant_policy.nfs_subnet.stride is int
  PASS  tenant_policy.nfs_subnet.from_tenant is int
  PASS  tenant_policy.mpls_vlan.base is int
  PASS  tenant_policy.internet_vlan.base is int
  PASS  tenant_policy.l3vni.base is int
  PASS  tenant_policy.l3vni_vlan.base is int
  PASS  tenant_policy.vfw_asn.base is int
  PASS  tenant_policy.ib_pkey.base is int
  PASS  tenant_policy.bl_p2p_block.supernet is str
  PASS  tenant_policy.bl_p2p_block.block_size is int
  PASS  tenant_policy.bl_p2p_block.from_tenant is int
  PASS  tenant_policy.bl_p2p_subint.stride is int
  PASS  tenant_policy.bl_p2p_subint.from_tenant is int
  PASS  tenant_policy.ib_rails.containing_supernet is str
  PASS  tenant_policy.ib_rails.second_octet_base is int
  PASS  tenant_policy.ib_rails.blocks is int
  PASS  tenant_policy.ib_rails.rails_per_tenant is int
  PASS  tenant_policy.ib_rails.prefix_len is int
  PASS  tenant_policy.ib_rails.first_block_reserved is int
  PASS  tenant_policy.ib_rails.first_block_max_tenant is int
  PASS  tenant_policy.ib_rails.tenants_per_block is int
  PASS  tenant_policy.dcgw_asn is int (got int)
  PASS  tenant_policy.spine_asn is int (got int)
  PASS  tenant_policy.vrf_name is str (got str)
  PASS  HGX VLAN stays in 1..4094 for T=3..11 (top 120)
  PASS  NFS VLAN stays in 1..4094 for T=3..11 (top 322)
  PASS  MPLS VLAN stays in 1..4094 for T=3..11 (top 520)
  PASS  Internet VLAN stays in 1..4094 for T=3..11 (top 620)
  PASS  L3VNI-transit VLAN stays in 1..4094 for T=3..11 (top 3011)
  PASS  tenant_policy.hgx_l2vni.vni_offset >= 100000 (L2VNI convention; got 100000)
  PASS  tenant_policy.nfs_l2vni.vni_offset >= 100000 (L2VNI convention; got 100000)
  PASS  tenant_policy.dcgw_asn is a valid ASN (216419)
  PASS  tenant_policy.spine_asn is a valid ASN (65307)
  PASS  vFW ASN stays valid for T=3..11
  PASS  IB PKey stays 16-bit for T=3..11 (top 0x800B)
  PASS  IB rails fit one /16 block (rails_per_tenant * tenants_per_block <= 256)
  PASS  tenant_policy.vrf_name contains the '{T}' placeholder (got 'tenant{T}')
  PASS  edge.p2p_subint_bases present (needed to derive the L7 edge map)
  PASS  p2p_subint_bases entry well-formed (RMDC-GPU-LETH05 <-> RMDC-DC-R-02 base 1311)
  PASS  p2p_subint_bases RMDC-GPU-LETH05 <-> RMDC-DC-R-02 maps to exactly one cabled link (got 1)
  PASS  border leaf RMDC-GPU-LETH05 has an integer asn (needed for the edge map)
  PASS  p2p_subint_bases entry well-formed (RMDC-GPU-LETH05 <-> RMDC-DC-R-01 base 1312)
  PASS  p2p_subint_bases RMDC-GPU-LETH05 <-> RMDC-DC-R-01 maps to exactly one cabled link (got 1)
  PASS  border leaf RMDC-GPU-LETH05 has an integer asn (needed for the edge map)
  PASS  p2p_subint_bases entry well-formed (RMDC-GPU-LETH06 <-> RMDC-DC-R-02 base 1321)
  PASS  p2p_subint_bases RMDC-GPU-LETH06 <-> RMDC-DC-R-02 maps to exactly one cabled link (got 1)
  PASS  border leaf RMDC-GPU-LETH06 has an integer asn (needed for the edge map)
  PASS  p2p_subint_bases entry well-formed (RMDC-GPU-LETH06 <-> RMDC-DC-R-01 base 1322)
  PASS  p2p_subint_bases RMDC-GPU-LETH06 <-> RMDC-DC-R-01 maps to exactly one cabled link (got 1)
  PASS  border leaf RMDC-GPU-LETH06 has an integer asn (needed for the edge map)
  PASS  cabled uplink RMDC-GPU-LETH05 <-> RMDC-DC-R-01 has a p2p_subint vlan_base
  PASS  cabled uplink RMDC-GPU-LETH06 <-> RMDC-DC-R-01 has a p2p_subint vlan_base
  PASS  cabled uplink RMDC-GPU-LETH05 <-> RMDC-DC-R-02 has a p2p_subint vlan_base
  PASS  cabled uplink RMDC-GPU-LETH06 <-> RMDC-DC-R-02 has a p2p_subint vlan_base
  PASS  location_path present (the full Nautobot location chain)
  PASS  every location_path node has both 'name' and 'type'
  PASS  location_path ends at 'location' (blr-building001-room001); ends at 'blr-building001-room001'
  PASS  location_path has no repeated name (['Rafay', 'India', 'blr-dc01', 'blr-building001', 'blr-building001-room001'])
  PASS  location_path types ['Provider', 'Region', 'Site', 'Building', 'Room'] form a contiguous prefix of the catalog's location-type chain ['Provider', 'Region', 'Site', 'Building', 'Room'] (skipping a level rewires the shared hierarchy — GT-1)
  PASS  foundation.device_types declared
  PASS  foundation.roles declared
  PASS  switch device_type 'Cumulus VX' is declared in foundation.device_types
  PASS  device_type Cumulus VX manufacturer 'NVIDIA' is in foundation.manufacturers
  PASS  device_type Generic Server manufacturer 'Generic' is in foundation.manufacturers
  foundation provenance: device_types=blueprint, location_types=blueprint, locations=blueprint, manufacturers=blueprint, namespaces=blueprint, platforms=blueprint, roles=blueprint, statuses=CATALOG(fallback)
  PASS  location instances come from THIS blueprint (location_path), never from the shared catalog
  PASS  shared catalog carries no locations.yaml (a site instance in a shared fallback repo)
  PASS  shared catalog carries no tenants.yaml (a site instance in a shared fallback repo)
  PASS  tenant_policy.shared_vrf present (needed to number the shared VRFs)
  PASS  tenant_policy.shared_vrf.l3vni_base declared
  PASS  tenant_policy.shared_vrf.l3vni_vlan_base declared
  PASS  tenant_policy.shared_vrf.l2vlan_base declared
  PASS  tenant_policy.shared_vrf.l2vni_offset declared
  PASS  tenant_policy.shared_vrf.subnet declared
  PASS  shared_vrfs entry has a name and integer index: {'name': 'oob', 'index': 1}
  PASS  shared_vrfs entry has a name and integer index: {'name': 'admin', 'index': 2}
  PASS  shared_vrfs entry has a name and integer index: {'name': 'shared-obj', 'index': 3}
  PASS  shared_vrfs indexes are unique ([1, 2, 3])
  PASS  shared_vrfs names are unique (['oob', 'admin', 'shared-obj'])
  PASS  shared VRF 'oob' does not collide with the tenant naming template 'tenant{T}'
  PASS  shared VRF 'admin' does not collide with the tenant naming template 'tenant{T}'
  PASS  shared VRF 'shared-obj' does not collide with the tenant naming template 'tenant{T}'
  PASS  shared_vrf.subnet.prefix_len is 24 (the net is emitted as a 3-octet prefix); got 24
  PASS  shared VRF index 1: L3VNI 300901 does not collide with a tenant L3VNI
  PASS  shared VRF index 1: VLANs 3901/901 do not collide with a tenant VLAN
  PASS  shared VRF index 1: VLANs 3901/901 within 1..4094
  PASS  shared VRF index 1: L2VNI does not collide with a tenant L2VNI
  PASS  shared VRF index 2: L3VNI 300902 does not collide with a tenant L3VNI
  PASS  shared VRF index 2: VLANs 3902/902 do not collide with a tenant VLAN
  PASS  shared VRF index 2: VLANs 3902/902 within 1..4094
  PASS  shared VRF index 2: L2VNI does not collide with a tenant L2VNI
  PASS  shared VRF index 3: L3VNI 300903 does not collide with a tenant L3VNI
  PASS  shared VRF index 3: VLANs 3903/903 do not collide with a tenant VLAN
  PASS  shared VRF index 3: VLANs 3903/903 within 1..4094
  PASS  shared VRF index 3: L2VNI does not collide with a tenant L2VNI
  PASS  qos.roce.enable is true and qos.roce.roles is non-empty
  PASS  qos.roce.roles all match a role present in switches[] (unknown: none)
  PASS  qos.roce matches at least one device (matched 6)
  PASS  RoCE enabled with jumbo fabric_mtu 9216 (lossless needs the buffer headroom)
  PASS  tenant_policy.tenant_range present
  PASS  tenant_policy.tenant_range min/max are integers
  PASS  tenant_policy.tenant_range is sane (3..100)
  PASS  tenant_policy.server_host_offset is an integer (got 20)
  PASS  tenant_policy.server_host_offset 20 leaves room in the plane subnet (2..200)
  PASS  tenant_policy.server_host_offset does not collide with the anycast gateway (.1)
  PASS  tenant_policy.server_host_offset 20 clears the per-switch SVI octets (10..15 for 6 fabric switch(es)) — an offset inside that range assigns a server the address a switch already answers on
  PASS  tenant_policy.bl_p2p_subint.pool is a 'start-end' range (got '1301-1516')
  PASS  every border<->DC-GW sub-int VLAN stays inside pool 1301-1516 (computed span 1311-1516 for T=3..100)
  PASS  no unknown/misspelled blueprint keys
  PASS  gitops/rbac spec derives cleanly (customer=stc, 1 repo(s), 6 object permissions)
  PASS  edge.policy_prefix is a valid policy-name token (got 'STC')
  PASS  edge.egress_standin present (external-egress supernet; also seeds the DC-GW loopback)
  PASS  no unresolved '# TODO(confirm)' placeholders (0 found)
  PASS  no key is left holding 'TODO(confirm)' as its VALUE (0 found)
  WARN  blueprint 'blr-dc01' declares no racks — every device will be created with NO physical placement in the source of truth. Every data centre has racks, and this is always satisfiable: run `verify_blueprint.sh --fix` (F4 applies the default layout — cabinets named for their purpose: fabric, server, storage, oob), or regenerate through either intake door, or declare foundation.racks yourself. Set DC_REQUIRE_RACKS=1 to make this fatal.
  PASS  consumer: the REAL loader accepts the blueprint (unknown keys hard-fail)
  PASS  consumer: all design emitters run (skipped-as-optional: none)
  PASS  edge device RMDC-DC-R-01: role 'leaf' is declared in foundation.roles
  PASS  edge device RMDC-DC-R-02: role 'leaf' is declared in foundation.roles
  PASS  edge device RMDC-VFW-01: role 'leaf' is declared in foundation.roles
  PASS  consumer: tenant core edge_map compiles (p2p bases <-> cabling.dcgw_links agree)
  PASS  consumer: f(T) sweep T3..T100 — no VLAN/VNI collisions
  PASS  consumer: policy_fingerprint() computes (the write-once guard a tenant is stamped with)
  PASS  consumer: render templates resolve for platform 'cumulus-linux' version '5.6' (2 entrypoint(s))
  PASS  consumer: plan_substrate derives the VM plan (16 VM(s))
  PASS  vfw RMDC-VFW-01: policy keys nested under config:, not flat (ok — flat keys parse but render a hollow intent; verify_blueprint.sh --fix folds them)
  PASS  vfw RMDC-VFW-01: config is a mapping with asn (hollow config renders 'intended None')
  PASS  mgmt IPs are unique across all devices (dupes: none)
  PASS  switch loopbacks are unique (router-ids collide otherwise; dupes: none)
  PASS  every switch loopback falls inside fabric_loopback_prefix 172.23.0.0/24 (out of range: [])
  PASS  topology 'clos-leaf-spine' is one we support — see supported_topologies/clos-leaf-spine.md

PREFLIGHT: all 188 checks passed — blueprint is topology-sound. (1 warning(s) — review them)

════════════════════════════════════════════════════════════════════
  STAGE: 0 Substrate — blueprint-driven bridges + VMs + NICs
════════════════════════════════════════════════════════════════════
[deploy_cabling] mode=apply action=create blueprint=blueprint_stc.yaml — 24 fabric bridges (MTU 9000)

[deploy_cabling] DONE (create 24 bridges). Next: deploy_fabric_vms.sh --apply (VMs + NICs onto these bridges).
[deploy_fabric_vms] mode=apply blueprint=blueprint_stc.yaml — 16 VMs
Network bl-mgmt defined from /tmp/tmp.WsrrjZhJLO

Network bl-mgmt started

Network bl-mgmt marked as autostarted

[deploy_fabric_vms] created mgmt net bl-mgmt
WARNING  Using --osinfo generic, VM performance may suffer. Specify an accurate OS for optimal results.

Starting install...
Creating domain...                                          |    0 B  00:00     
Domain creation completed.
Domain 'blr-dc01-spine01' marked as autostarted

[deploy_fabric_vms] created blr-dc01-spine01 (image=cumulus, data-NICs=6, mgmt=192.168.94.11)
WARNING  Using --osinfo generic, VM performance may suffer. Specify an accurate OS for optimal results.

Starting install...
Creating domain...                                          |    0 B  00:00     
Domain creation completed.
Domain 'blr-dc01-spine02' marked as autostarted

[deploy_fabric_vms] created blr-dc01-spine02 (image=cumulus, data-NICs=6, mgmt=192.168.94.12)
[deploy_fabric_vms] bridge bl-svr1 is missing — creating it at MTU 9000 (cabling not run yet, or a port facing a server)
WARNING  Using --osinfo generic, VM performance may suffer. Specify an accurate OS for optimal results.

Starting install...
Creating domain...                                          |    0 B  00:00     
Domain creation completed.
Domain 'blr-dc01-leaf01' marked as autostarted

[deploy_fabric_vms] created blr-dc01-leaf01 (image=cumulus, data-NICs=3, mgmt=192.168.94.13)
[deploy_fabric_vms] bridge bl-svr2 is missing — creating it at MTU 9000 (cabling not run yet, or a port facing a server)
WARNING  Using --osinfo generic, VM performance may suffer. Specify an accurate OS for optimal results.

Starting install...
Creating domain...                                          |    0 B  00:00     
Domain creation completed.
Domain 'blr-dc01-leaf02' marked as autostarted

[deploy_fabric_vms] created blr-dc01-leaf02 (image=cumulus, data-NICs=3, mgmt=192.168.94.14)
WARNING  Using --osinfo generic, VM performance may suffer. Specify an accurate OS for optimal results.

Starting install...
Creating domain...                                          |    0 B  00:00     
Domain creation completed.
Domain 'blr-dc01-leaf03' marked as autostarted

[deploy_fabric_vms] created blr-dc01-leaf03 (image=cumulus, data-NICs=2, mgmt=192.168.94.15)
WARNING  Using --osinfo generic, VM performance may suffer. Specify an accurate OS for optimal results.

Starting install...
Creating domain...                                          |    0 B  00:00     
Domain creation completed.
Domain 'blr-dc01-leaf04' marked as autostarted

[deploy_fabric_vms] created blr-dc01-leaf04 (image=cumulus, data-NICs=2, mgmt=192.168.94.16)
WARNING  Using --osinfo generic, VM performance may suffer. Specify an accurate OS for optimal results.

Starting install...
Creating domain...                                          |    0 B  00:00     
Domain creation completed.
Domain 'blr-dc01-leaf05' marked as autostarted

[deploy_fabric_vms] created blr-dc01-leaf05 (image=cumulus, data-NICs=8, mgmt=192.168.94.17)
WARNING  Using --osinfo generic, VM performance may suffer. Specify an accurate OS for optimal results.

Starting install...
Creating domain...                                          |    0 B  00:00     
Domain creation completed.
Domain 'blr-dc01-leaf06' marked as autostarted

[deploy_fabric_vms] created blr-dc01-leaf06 (image=cumulus, data-NICs=8, mgmt=192.168.94.18)
WARNING  Using --osinfo generic, VM performance may suffer. Specify an accurate OS for optimal results.

Starting install...
Creating domain...                                          |    0 B  00:00     
Domain creation completed.
Domain 'oob01' marked as autostarted

[deploy_fabric_vms] created oob01 (image=cumulus, data-NICs=2, mgmt=192.168.94.19)
WARNING  Using --osinfo generic, VM performance may suffer. Specify an accurate OS for optimal results.

Starting install...
Creating domain...                                          |    0 B  00:00     
Domain creation completed.
Domain 'oob02' marked as autostarted

[deploy_fabric_vms] created oob02 (image=cumulus, data-NICs=2, mgmt=192.168.94.20)
WARNING  Using --osinfo generic, VM performance may suffer. Specify an accurate OS for optimal results.

Starting install...
Creating domain...                                          |    0 B  00:00     
Domain creation completed.
Domain 'oob03' marked as autostarted

[deploy_fabric_vms] created oob03 (image=cumulus, data-NICs=2, mgmt=192.168.94.21)
WARNING  Using --osinfo generic, VM performance may suffer. Specify an accurate OS for optimal results.

Starting install...
Creating domain...                                          |    0 B  00:00     
Domain creation completed.
Domain 'dcgw01' marked as autostarted

[deploy_fabric_vms] created dcgw01 (image=cumulus, data-NICs=3, mgmt=192.168.94.22)
WARNING  Using --osinfo generic, VM performance may suffer. Specify an accurate OS for optimal results.

Starting install...
Creating domain...                                          |    0 B  00:00     
Domain creation completed.
Domain 'dcgw02' marked as autostarted

[deploy_fabric_vms] created dcgw02 (image=cumulus, data-NICs=2, mgmt=192.168.94.23)
WARNING  Using --osinfo generic, VM performance may suffer. Specify an accurate OS for optimal results.

Starting install...
Creating domain...                                          |    0 B  00:00     
Domain creation completed.
Domain 'vfw01' marked as autostarted

[deploy_fabric_vms] created vfw01 (image=cumulus, data-NICs=2, mgmt=192.168.94.24)
[deploy_fabric_vms] skip gpu-01 — a server, not fabric (Servers layer creates it)
[deploy_fabric_vms] skip gpu-02 — a server, not fabric (Servers layer creates it)

[deploy_fabric_vms] DONE. Next: setup_device_access.sh, then the underlay (simulate_dc.sh --from underlay).

── L1 Switches + NICs — VMs running + NIC count == blueprint ──
  PASS  blr-dc01-spine01 running, 7 NICs (mgmt + 6 data)
  PASS  blr-dc01-spine02 running, 7 NICs (mgmt + 6 data)
  PASS  blr-dc01-leaf01 running, 4 NICs (mgmt + 3 data)
  PASS  blr-dc01-leaf02 running, 4 NICs (mgmt + 3 data)
  PASS  blr-dc01-leaf03 running, 3 NICs (mgmt + 2 data)
  PASS  blr-dc01-leaf04 running, 3 NICs (mgmt + 2 data)
  PASS  blr-dc01-leaf05 running, 9 NICs (mgmt + 8 data)
  PASS  blr-dc01-leaf06 running, 9 NICs (mgmt + 8 data)
  PASS  oob01 running, 3 NICs (mgmt + 2 data)
  PASS  oob02 running, 3 NICs (mgmt + 2 data)
  PASS  oob03 running, 3 NICs (mgmt + 2 data)
  PASS  dcgw01 running, 4 NICs (mgmt + 3 data)
  PASS  dcgw02 running, 3 NICs (mgmt + 2 data)
  PASS  vfw01 running, 3 NICs (mgmt + 2 data)
  SKIP  gpu-01 (server — created by the Servers layer; not part of L1)
  SKIP  gpu-02 (server — created by the Servers layer; not part of L1)
GATE L1: PASS

── L2 Wiring — bridges present, MTU 9000, correct endpoints ──
  PASS  bridge bl-l1s1 present, MTU 9000
  PASS  bridge bl-l1s2 present, MTU 9000
  PASS  bridge bl-l2s1 present, MTU 9000
  PASS  bridge bl-l2s2 present, MTU 9000
  PASS  bridge bl-l3s1 present, MTU 9000
  PASS  bridge bl-l3s2 present, MTU 9000
  PASS  bridge bl-l4s1 present, MTU 9000
  PASS  bridge bl-l4s2 present, MTU 9000
  PASS  bridge bl-l5fw present, MTU 9000
  PASS  bridge bl-l5g1 present, MTU 9000
  PASS  bridge bl-l5g2 present, MTU 9000
  PASS  bridge bl-l5s1 present, MTU 9000
  PASS  bridge bl-l5s2 present, MTU 9000
  PASS  bridge bl-l6fw present, MTU 9000
  PASS  bridge bl-l6g1 present, MTU 9000
  PASS  bridge bl-l6g2 present, MTU 9000
  PASS  bridge bl-l6s1 present, MTU 9000
  PASS  bridge bl-l6s2 present, MTU 9000
  PASS  bridge bl-o1l1 present, MTU 9000
  PASS  bridge bl-o1l2 present, MTU 9000
  PASS  bridge bl-o2l1 present, MTU 9000
  PASS  bridge bl-o2l2 present, MTU 9000
  PASS  bridge bl-o3l1 present, MTU 9000
  PASS  bridge bl-o3l2 present, MTU 9000
  SKIP  bridge bl-svr1 (server link — Servers layer)
  SKIP  bridge bl-svr2 (server link — Servers layer)
  PASS  endpoints of bl-l1s1 correct (blr-dc01-leaf01:1 <-> blr-dc01-spine01:1)
  PASS  endpoints of bl-l1s2 correct (blr-dc01-leaf01:2 <-> blr-dc01-spine02:1)
  PASS  endpoints of bl-l2s1 correct (blr-dc01-leaf02:1 <-> blr-dc01-spine01:2)
  PASS  endpoints of bl-l2s2 correct (blr-dc01-leaf02:2 <-> blr-dc01-spine02:2)
  PASS  endpoints of bl-l3s1 correct (blr-dc01-leaf03:1 <-> blr-dc01-spine01:3)
  PASS  endpoints of bl-l3s2 correct (blr-dc01-leaf03:2 <-> blr-dc01-spine02:3)
  PASS  endpoints of bl-l4s1 correct (blr-dc01-leaf04:1 <-> blr-dc01-spine01:4)
  PASS  endpoints of bl-l4s2 correct (blr-dc01-leaf04:2 <-> blr-dc01-spine02:4)
  PASS  endpoints of bl-l5s1 correct (blr-dc01-leaf05:1 <-> blr-dc01-spine01:5)
  PASS  endpoints of bl-l5s2 correct (blr-dc01-leaf05:2 <-> blr-dc01-spine02:5)
  PASS  endpoints of bl-l6s1 correct (blr-dc01-leaf06:1 <-> blr-dc01-spine01:6)
  PASS  endpoints of bl-l6s2 correct (blr-dc01-leaf06:2 <-> blr-dc01-spine02:6)
  PASS  endpoints of bl-l5g1 correct (dcgw01:1 <-> blr-dc01-leaf05:3)
  PASS  endpoints of bl-l6g1 correct (dcgw01:3 <-> blr-dc01-leaf06:3)
  PASS  endpoints of bl-l5g2 correct (dcgw02:1 <-> blr-dc01-leaf05:4)
  PASS  endpoints of bl-l6g2 correct (dcgw02:2 <-> blr-dc01-leaf06:4)
  PASS  endpoints of bl-l5fw correct (vfw01:1 <-> blr-dc01-leaf05:8)
  PASS  endpoints of bl-l6fw correct (vfw01:2 <-> blr-dc01-leaf06:8)
  PASS  endpoints of bl-o1l1 correct (oob01:1 <-> blr-dc01-leaf05:5)
  PASS  endpoints of bl-o1l2 correct (oob01:2 <-> blr-dc01-leaf06:5)
  PASS  endpoints of bl-o2l1 correct (oob02:1 <-> blr-dc01-leaf05:6)
  PASS  endpoints of bl-o2l2 correct (oob02:2 <-> blr-dc01-leaf06:6)
  PASS  endpoints of bl-o3l1 correct (oob03:1 <-> blr-dc01-leaf05:7)
  PASS  endpoints of bl-o3l2 correct (oob03:2 <-> blr-dc01-leaf06:7)
  SKIP  link blr-dc01-leaf01:3 <-> gpu-01:1 (server not created yet — Servers layer)
  SKIP  link blr-dc01-leaf02:3 <-> gpu-02:1 (server not created yet — Servers layer)
GATE L2: PASS

[dc-up] DONE — all stages + gates passed.
