[launchpad] stage=verify-platform branch=aa_prototype_fixes sha=12febd64b1dc7d9bf13ff74655502599be011bfd started=2026-09-29T11:32:39Z

══════════════════════════════════════════════════════════════════════
  Verify — Part I: NVCM + Nautobot
══════════════════════════════════════════════════════════════════════
  Part I — NVCM + Nautobot readiness (namespace nv-config-manager):
   [PASS] all pods Running/Completed
   [PASS] render-api available (replicas=1)
   [PASS] Nautobot web available (replicas=1)
   [WARN] ingress gateway not PROGRAMMED — normal on kind (no external LB); does not block Day-0 operation.
          If the UIs are unreachable, use kubectl port-forward or check the gateway (setup_guide.md §14).
   [PASS] PVC nautobot-custom-jobs present
   [PASS] PVC render-service-template-plugins present
   [PASS] render-api mounts render-service-template-plugins
   [PASS] admin token secret present
[verify] Part I: READY

══════════════════════════════════════════════════════════════════════
  Verify — Part II: Rafay customization layer (the acceptance test)
══════════════════════════════════════════════════════════════════════
== Part 1 install verification — ns=nv-config-manager release=rafay-nvcm ==
1) Helm release deployed?
   [PASS] helm release 'rafay-nvcm' STATUS=deployed
2) Target PVCs present?
   [PASS] PVC 'nautobot-custom-jobs' present
   [PASS] PVC 'render-service-template-plugins' present
3) render-api wired for template plugins?
   [PASS] render-api mounts 'render-service-template-plugins'
   [PASS] render-api has the install-template-plugins init container
4-6) Nautobot jobs / suppress / GitOps (read-only ORM)...
   [PASS] 25 numbered runbook job(s) registered + enabled
          - 0.1 · Load foundation catalog (generic)
          - 1a · Validate blueprint
          - 2.0 · Foundation (locations/roles/device-types from blueprint)
          - 2.1 · Devices (switches + edge)
          - 2.2 · Cables
          - 2.3 · Devices + Cables
          - 3.1 · Tenant — Create / Delete (gated)
          - 3.2 · Tenant — Onboard (overlay engine)
          - 3.3 · Tenant — Offboard (overlay engine)
          - 3.4 · Tenant — Drift Check (desired vs intent)
          - 3.5 · Tenant — Reap Abandoned Workflows
          - 3.6 · Tenant — List
          - 3.7 · Tenant — Get
          - 4.1 · Register (add to free pool)
          - 4.1a · Set availability
          - 4.1b · Unregister (retire)
          - 4.2 · Attach to tenant
          - 4.3 · Move to another tenant
          - 4.4 · Detach from tenant
          - 4.5 · Assign GPU to tenant
          - 4.6 · Release GPU to free pool
          - 4.7 · Server — Drift Check (desired vs intent)
          - 5.1 · PKey + SR-IOV rails (config-ready)
          - 6.1 · Deploy Whole DC (render + push all)
          - 7.1 · Drift — Detect (running vs intent)
   [PASS] package blueprint_validate: 1 job(s) registered
   [PASS] package site_provision: 4 job(s) registered
   [PASS] package tenant: 2 job(s) registered
   [PASS] package lifecycle: 6 job(s) registered
   [PASS] package server: 9 job(s) registered
   [PASS] package ib: 1 job(s) registered
   [PASS] package provision: 1 job(s) registered
   [PASS] package drift: 1 job(s) registered
   [PASS] NVIDIA 'Load Bootstrap Data' loader suppressed
   [PASS] GitRepository 'rafay_nvcm_catalog' registered (a85d051f-ff31-4920-bc31-55530893dbb2)
   [PASS] 1 git-synced job(s) enabled
   [PASS] cluster history: clean (no 'STC ' names, no '… (2)' collisions)
7) render-api healthy?
   [PASS] render-api availableReplicas=1

==============  INSTALL VERIFIED (19 checks) — Part 1 is installed and ready to use  ==============
[verify] Part II: READY
[verify] env-backed Secrets (report-only — a platform-config gap surfaces at job RUN time, not here):
    env-backed Secrets that do NOT resolve: 0
[verify] unresolved = INFORMATIONAL here; jobs that read them (e.g. 1b Discover) fail at RUN time. Fix:
[verify]    inject the variables into the Nautobot + celery deployments via NVCM's Helm values —
[verify]    exact steps: docs/gitops_repo_design.md §10, 'G1 — the action that closes it, concretely'.

══════════════════════════════════════════════════════════════════════
  Verify — Telemetry: NVCM's own stack + the Rafay-layer extras (deep check, not part of 'nvcm')
══════════════════════════════════════════════════════════════════════
  NVCM telemetry — Prometheus + Alloy + PodMonitors (namespace nv-config-manager):
   [PASS] Prometheus running (metric store)
   [PASS] Grafana Alloy running (scrapes every pod; also the log pipeline)
   [PASS] 11 PodMonitor(s) defined (what Alloy scrapes)
   [INFO] Grafana not present — query Prometheus directly instead
   [PASS] Tempo present (trace store)
[verify] Telemetry (NVCM stack): READY
  Telemetry extras added by the Rafay layer (report-only):
   [PASS] Loki present — pod logs are being stored (they survive a pod restart)
   [PASS] grafana route present (reachable without an SSH tunnel)
   [PASS] prometheus route present (reachable without an SSH tunnel)

══════════════════════════════════════════════════════════════════════
  Cluster state (report-only — never fails; act on it with platform/platform_cluster.sh)
══════════════════════════════════════════════════════════════════════
[verify] PVC module layouts (a package under BOTH /jobs and /jobs/custom registers twice):
    /opt/nautobot/jobs: blueprint_validate, common, drift, ib, lifecycle, nv_config_manager_jobs, provision, server, site_provision, tenant
    /opt/nautobot/jobs/custom: (none)
[verify] STALE records (installed=False — module gone, cannot run; 'platform/platform_cluster.sh clean' deletes these):
    total: 0
[verify] name COLLISIONS (enabled '… (2)' / 'STC ' records; 'clean --collisions' deletes those with no history):
    total: 0
[verify] LEGACY bootstrap-repo jobs (repo retired from this codebase; live records are YOUR call — guide A0):
    total: 0

══════════════════════════════════════════════════════════════════════
  Verdict
══════════════════════════════════════════════════════════════════════
[verify] PLATFORM VERIFIED — NVCM + Nautobot + the Rafay layer + telemetry are installed and ready on this OCI.
