[launchpad] stage=platform-install-1 branch=aa_prototype_fixes sha=12febd64b1dc7d9bf13ff74655502599be011bfd started=2026-09-29T11:47:26Z
[install] → platform/nvcm-install.sh --yes

══════════════════════════════════════════════════════════════════════
  Part I — install NVCM + Nautobot (kind cluster 'nv-config-manager', namespace 'nv-config-manager')
══════════════════════════════════════════════════════════════════════
[nvcm] toolchain OK (docker/kind/kubectl/helm/uv).
[nvcm] cloning the NVIDIA NVCM installer (if absent) into /home/ubuntu/nvidia/nv-config-manager ...
Cloning into '/home/ubuntu/nvidia/nv-config-manager'...
[nvcm] Entering ..checkout_nvcm_version()
[nvcm] checking out and pointing to NVCM commit a6af41250fb2cb1353d0788002aede2d351bd531 ...
[nvcm] Leaving..checkout_nvcm_version()
[nvcm] creating the kind cluster (if absent) ...
Creating cluster "nv-config-manager" ...
 • Ensuring node image (kindest/node:v1.31.0) 🖼  ...
 ✓ Ensuring node image (kindest/node:v1.31.0) 🖼
 • Preparing nodes 📦   ...
 ✓ Preparing nodes 📦 
 • Writing configuration 📜  ...
 ✓ Writing configuration 📜
 • Starting control-plane 🕹️  ...
 ✓ Starting control-plane 🕹️
 • Installing CNI 🔌  ...
 ✓ Installing CNI 🔌
 • Installing StorageClass 💾  ...
 ✓ Installing StorageClass 💾
 • Waiting ≤ 5m0s for control-plane = Ready ⏳  ...
 ✓ Waiting ≤ 5m0s for control-plane = Ready ⏳
 • Ready after 18s 💚
Set kubectl context to "kind-nv-config-manager"
You can now use your cluster with:

kubectl cluster-info --context kind-nv-config-manager

Thanks for using kind! 😊
[nvcm] installing the nvcm-installer CLI (uv) ...
Using CPython 3.12.3 interpreter at: /usr/bin/python3
Creating virtual environment at: .venv
Resolved 43 packages in 15ms
   Building nv-config-manager-installer @ file:///home/ubuntu/nvidia/nv-config-manager/installer
      Built nv-config-manager-installer @ file:///home/ubuntu/nvidia/nv-config-manager/installer
Prepared 1 package in 419ms
Installed 41 packages in 48ms
 + annotated-types==0.7.0
 + certifi==2026.2.25
 + charset-normalizer==3.4.6
 + click==8.3.1
 + coverage==7.13.5
 + durationpy==0.10
 + idna==3.11
 + iniconfig==2.3.0
 + kubernetes==35.0.0
 + linkify-it-py==2.1.0
 + markdown-it-py==4.0.0
 + mdit-py-plugins==0.5.0
 + mdurl==0.1.2
 + nv-air-sdk==1.4.0
 + nv-config-manager-installer==1.0.0 (from file:///home/ubuntu/nvidia/nv-config-manager/installer)
 + oauthlib==3.3.1
 + packaging==26.0
 + platformdirs==4.9.4
 + pluggy==1.6.0
 + pydantic==2.12.5
 + pydantic-core==2.41.5
 + pygments==2.19.2
 + pytest==9.0.2
 + pytest-asyncio==1.3.0
 + pytest-cov==7.1.0
 + python-dateutil==2.9.0.post0
 + python-dotenv==1.2.2
 + pyyaml==6.0.3
 + requests==2.32.5
 + requests-oauthlib==2.0.0
 + responses==0.26.0
 + rich==14.3.3
 + ruff==0.15.6
 + six==1.17.0
 + textual==8.1.1
 + textual-fspicker==1.0.0
 + typing-extensions==4.15.0
 + typing-inspection==0.4.2
 + uc-micro-py==2.0.0
 + urllib3==2.6.3
 + websocket-client==1.9.0
Resolved 39 packages in 215ms
   Building nv-config-manager-installer @ file:///home/ubuntu/nvidia/nv-config-manager/installer
      Built nv-config-manager-installer @ file:///home/ubuntu/nvidia/nv-config-manager/installer
Prepared 1 package in 247ms
Installed 39 packages in 61ms
 + aiohappyeyeballs==2.7.1
 + aiohttp==3.14.3
 + aiosignal==1.4.0
 + annotated-types==0.8.0
 + attrs==26.1.0
 + certifi==2026.7.22
 + charset-normalizer==3.5.1
 + click==8.5.0
 + durationpy==0.11
 + frozenlist==1.8.0
 + idna==3.20
 + kubernetes==36.0.3
 + linkify-it-py==2.2.0
 + markdown-it-py==4.2.0
 + mdit-py-plugins==0.6.1
 + mdurl==0.1.2
 + multidict==6.9.1
 + nv-air-sdk==1.4.0
 + nv-config-manager-installer==1.0.0 (from file:///home/ubuntu/nvidia/nv-config-manager/installer)
 + oauthlib==4.0.0
 + platformdirs==4.12.1
 + propcache==0.5.4
 + pydantic==2.13.5
 + pydantic-core==2.46.5
 + pygments==2.21.0
 + python-dateutil==2.9.0.post0
 + python-dotenv==1.2.3
 + pyyaml==6.0.3
 + requests==2.34.2
 + requests-oauthlib==2.0.0
 + rich==15.0.0
 + six==1.17.0
 + textual==8.2.8
 + textual-fspicker==1.0.1
 + typing-extensions==4.16.0
 + typing-inspection==0.4.4
 + urllib3==2.8.0
 + websocket-client==1.9.2
 + yarl==1.25.1
Installed 2 executables: nv-config-manager-installer, nvcm-installer
[nvcm] deploying NVCM + Nautobot (first run builds images locally — ~15-20 min) ...
  Project root: /home/ubuntu/nvidia/nv-config-manager
  Pinned kubeconfig context: kind-nv-config-manager (/tmp/nv-config-manager-kubeconfig-769lkv4u.yaml)
[>]  Check prerequisites
  Kubeconfig context: kind-nv-config-manager  (server: https://0.0.0.0:35093)
[*]  Check prerequisites
  Fresh install: no existing Helm release found
[>]  Build local images
  Building 6 local image(s) with up to 4 parallel Docker build(s)...
  [nv-config-manager-nautobot] $ docker build --provenance=false --progress=plain...
  [nv-config-manager-nats-ready] $ docker build --provenance=false --progress=plain...
  [nv-config-manager] $ docker build --provenance=false --progress=plain...
  [nv-config-manager-ui] $ docker build --provenance=false --progress=plain...
  [nv-config-manager-nautobot] #0 building with "default" instance using docker driver
  [nv-config-manager] #0 building with "default" instance using docker driver
  [nv-config-manager] #1 [internal] load build definition from nv-config-manager.Dockerfile
  [nv-config-manager] #1 transferring dockerfile: 6.54kB done
  [nv-config-manager] #1 DONE 0.0s
  [nv-config-manager] #2 resolve image config for docker-image://docker.io/docker/dockerfile:1.7
  [nv-config-manager-nautobot] #1 [internal] load build definition from nautobot.Dockerfile
  [nv-config-manager-nautobot] #1 transferring dockerfile: 7.00kB done
  [nv-config-manager-nats-ready] #0 building with "default" instance using docker driver
  [nv-config-manager-nats-ready] #1 [internal] load build definition from nats-ready.Dockerfile
  [nv-config-manager-nats-ready] #1 transferring dockerfile: 2.23kB done
  [nv-config-manager-ui] #0 building with "default" instance using docker driver
  [nv-config-manager-ui] #1 [internal] load build definition from ui.Dockerfile
  [nv-config-manager-ui] #1 transferring dockerfile: 2.54kB done
  [nv-config-manager-ui] #1 DONE 0.0s
  [nv-config-manager-nats-ready] #1 DONE 0.0s
  [nv-config-manager-nats-ready] #2 [context scripts] load .dockerignore
  [nv-config-manager-nats-ready] #2 transferring scripts: 2B done
  [nv-config-manager-nats-ready] #2 DONE 0.0s
  [nv-config-manager-nats-ready] #3 [internal] load metadata for nvcr.io/nvidia/distroless/go:v4.0.8
  [nv-config-manager-nats-ready] #3 DONE 0.4s
  [nv-config-manager-ui] #2 [context scripts] load .dockerignore
  [nv-config-manager-ui] #2 transferring scripts: 2B done
  [nv-config-manager-ui] #2 DONE 0.0s
  [nv-config-manager-ui] #3 [internal] load metadata for nvcr.io/nvidia/distroless/node:24-v4.0.9
  [nv-config-manager-ui] #3 ...
  [nv-config-manager] #2 DONE 0.5s
  [nv-config-manager-nautobot] #1 DONE 0.0s
  [nv-config-manager-nautobot] #2 resolve image config for docker-image://docker.io/docker/dockerfile:1.7
  [nv-config-manager-nautobot] #2 DONE 0.5s
  [nv-config-manager-ui] #4 [internal] load metadata for nvcr.io/nvidia/base/ubuntu:noble-20260217
  [nv-config-manager-ui] #4 DONE 0.4s
  [nv-config-manager-nats-ready] #4 [internal] load metadata for nvcr.io/nvidia/base/ubuntu:noble-20260217
  [nv-config-manager-nats-ready] #4 DONE 0.4s
  [nv-config-manager-nats-ready] #5 [internal] load .dockerignore
  [nv-config-manager-nats-ready] #5 transferring context: 2B done
  [nv-config-manager-nats-ready] #5 DONE 0.0s
  [nv-config-manager-nats-ready] #6 [builder 1/6] FROM nvcr.io/nvidia/base/ubuntu:noble-20260217@sha256:57a7daab5579d4b4cfbe25b59dc9d22d0c4cec24e5608523e77fd5f12e9da51a
  [nv-config-manager-nats-ready] #6 resolve nvcr.io/nvidia/base/ubuntu:noble-20260217@sha256:57a7daab5579d4b4cfbe25b59dc9d22d0c4cec24e5608523e77fd5f12e9da51a 0.0s done
  [nv-config-manager-nats-ready] #6 DONE 0.0s
  [nv-config-manager-nats-ready] #7 [stage-1 1/2] FROM nvcr.io/nvidia/distroless/go:v4.0.8@sha256:938bd28ce4ddb800118a951774203e7563c2067a72b20ae6b85d2c7da165a178
  [nv-config-manager-nats-ready] #7 resolve nvcr.io/nvidia/distroless/go:v4.0.8@sha256:938bd28ce4ddb800118a951774203e7563c2067a72b20ae6b85d2c7da165a178 0.0s done
  [nv-config-manager-nats-ready] #7 DONE 0.0s
  [nv-config-manager-nats-ready] #8 [context scripts] load from client
  [nv-config-manager-nats-ready] #8 transferring scripts: 1.99kB done
  [nv-config-manager-nats-ready] #8 DONE 0.0s
  [nv-config-manager-nats-ready] #9 [internal] load build context
  [nv-config-manager-nats-ready] #9 transferring context: 20.33kB done
  [nv-config-manager-nats-ready] #9 DONE 0.0s
  [nv-config-manager-nats-ready] #10 [builder 6/6] RUN go build -ldflags="-s -w" -o bin/nats-ready ./cmd/nats-ready
  [nv-config-manager-nats-ready] #10 CACHED
  [nv-config-manager-nats-ready] #11 [builder 2/6] COPY --from=scripts configure-apt-mirror.sh /tmp/configure-apt-mirror.sh
  [nv-config-manager-nats-ready] #11 CACHED
  [nv-config-manager-nats-ready] #12 [builder 5/6] COPY . .
  [nv-config-manager-nats-ready] #12 CACHED
  [nv-config-manager-nats-ready] #13 [builder 3/6] RUN set -eux;     /tmp/configure-apt-mirror.sh "" "" ubuntu &&     apt-get update && apt-get install -y --no-install-recommends         ca-certificates         curl &&     ARCH=$(dpkg --print-architecture) &&     TARBALL="go1.26.4.linux-${ARCH}.tar.gz" &&     if [ "$ARCH" = "amd64" ]; then EXPECTED="1153d3d50e0ac764b447adfe05c2bcf08e889d42a02e0fe0259bd47f6733ad7f";     elif [ "$ARCH" = "arm64" ]; then EXPECTED="ef758ae7c6cf9267c9c0ef080b8965f453d89ab2d25d9eb22de4405925238768";     else echo "Unsupported architecture: $ARCH" >&2; exit 1; fi &&     curl -fsSL -o /tmp/${TARBALL} "https://go.dev/dl/${TARBALL}" &&     echo "${EXPECTED}  /tmp/${TARBALL}" | sha256sum -c - &&     tar -C /usr/local -xzf /tmp/${TARBALL} &&     rm /tmp/${TARBALL} &&     rm -rf /var/lib/apt/lists/*
  [nv-config-manager-nats-ready] #13 CACHED
  [nv-config-manager-nats-ready] #14 [builder 4/6] WORKDIR /build
  [nv-config-manager-nats-ready] #14 CACHED
  [nv-config-manager-nats-ready] #15 [stage-1 2/2] COPY --from=builder /build/bin/nats-ready /nats-ready
  [nv-config-manager-nats-ready] #15 CACHED
  [nv-config-manager-nats-ready] #16 exporting to image
  [nv-config-manager-nats-ready] #16 exporting layers done
  [nv-config-manager-nats-ready] #16 exporting manifest sha256:d853e91dc00ec44ac15d9cbfd938309254fac94cb1f0e5ea7639131f4d273584 done
  [nv-config-manager-nats-ready] #16 exporting config sha256:5eafeb938ed2ac602dd1ee6e4580da3cc437ca51eedab0ccd72c20e5e5b4f56d done
  [nv-config-manager-nats-ready] #16 naming to docker.io/library/nv-config-manager-nats-ready:local done
  [nv-config-manager-nats-ready] #16 unpacking to docker.io/library/nv-config-manager-nats-ready:local 0.0s done
  [nv-config-manager-nats-ready] #16 DONE 0.0s
  [nv-config-manager-nats-ready] 1 warning found (use docker --debug to expand):
  [nv-config-manager-nats-ready]  - SecretsUsedInArgOrEnv: Do not use ARG or ENV instructions for sensitive data (ARG "APT_MIRROR_GPG_KEY_URL") (line 12)
  [nv-config-manager-nats-ready] completed in 0s
  [nv-config-manager-kea] $ docker build --provenance=false --progress=plain...
  [nv-config-manager-nautobot] #3 docker-image://docker.io/docker/dockerfile:1.7@sha256:a57df69d0ea827fb7266491f2813635de6f17269be881f696fbfdf2d83dda33e
  [nv-config-manager-nautobot] #3 resolve docker.io/docker/dockerfile:1.7@sha256:a57df69d0ea827fb7266491f2813635de6f17269be881f696fbfdf2d83dda33e 0.0s done
  [nv-config-manager-nautobot] #3 CACHED
  [nv-config-manager-ui] #5 [builder 1/6] FROM nvcr.io/nvidia/base/ubuntu:noble-20260217@sha256:57a7daab5579d4b4cfbe25b59dc9d22d0c4cec24e5608523e77fd5f12e9da51a
  [nv-config-manager-ui] #5 resolve nvcr.io/nvidia/base/ubuntu:noble-20260217@sha256:57a7daab5579d4b4cfbe25b59dc9d22d0c4cec24e5608523e77fd5f12e9da51a 0.0s done
  [nv-config-manager-ui] #5 DONE 0.0s
  [nv-config-manager-ui] #3 [internal] load metadata for nvcr.io/nvidia/distroless/node:24-v4.0.9
  [nv-config-manager-ui] #3 DONE 0.5s
  [nv-config-manager-ui] #6 [internal] load .dockerignore
  [nv-config-manager-ui] #6 transferring context: 71B done
  [nv-config-manager-ui] #6 DONE 0.0s
  [nv-config-manager-ui] #7 [context scripts] load from client
  [nv-config-manager-ui] #7 transferring scripts: 1.99kB done
  [nv-config-manager-ui] #7 DONE 0.0s
  [nv-config-manager-ui] #8 [runner 1/5] FROM nvcr.io/nvidia/distroless/node:24-v4.0.9@sha256:0667d39a12f77298e024658c758add8af07607d170260fa17ff25ff8baa71765
  [nv-config-manager-ui] #8 resolve nvcr.io/nvidia/distroless/node:24-v4.0.9@sha256:0667d39a12f77298e024658c758add8af07607d170260fa17ff25ff8baa71765 0.0s done
  [nv-config-manager-ui] #8 DONE 0.0s
  [nv-config-manager-ui] #9 [internal] load build context
  [nv-config-manager-ui] #9 transferring context: 5.56MB 0.1s done
  [nv-config-manager-ui] #9 DONE 0.1s
  [nv-config-manager-ui] #10 [builder 2/3] COPY . .
  [nv-config-manager-ui] #10 CACHED
  [nv-config-manager-ui] #11 [deps 6/6] RUN npm ci
  [nv-config-manager-ui] #11 CACHED
  [nv-config-manager-ui] #12 [runner 3/5] COPY --from=builder --chown=1000:1000 /app/public ./public
  [nv-config-manager-ui] #12 CACHED
  [nv-config-manager-ui] #13 [deps 3/6] RUN set -eux;     /tmp/configure-apt-mirror.sh "" "" ubuntu &&     apt-get update && apt-get upgrade -y &&     apt-get install -y --no-install-recommends         ca-certificates         curl         gnupg &&     mkdir -p /etc/apt/keyrings &&     curl -fsSL https://deb.nodesource.com/gpgkey/nodesource-repo.gpg.key | gpg --dearmor -o /etc/apt/keyrings/nodesource.gpg &&     echo "deb [signed-by=/etc/apt/keyrings/nodesource.gpg] https://deb.nodesource.com/node_24.x nodistro main" | tee /etc/apt/sources.list.d/nodesource.list &&     apt-get update &&     apt-get install -y --no-install-recommends nodejs &&     apt-get clean &&     rm -rf /var/lib/apt/lists/*
  [nv-config-manager-ui] #13 CACHED
  [nv-config-manager-ui] #14 [builder 1/3] WORKDIR /app
  [nv-config-manager-ui] #14 CACHED
  [nv-config-manager-ui] #15 [runner 2/5] WORKDIR /app
  [nv-config-manager-ui] #15 CACHED
  [nv-config-manager-ui] #16 [deps 4/6] WORKDIR /app
  [nv-config-manager-ui] #16 CACHED
  [nv-config-manager-ui] #17 [runner 4/5] COPY --from=builder --chown=1000:1000 /app/.next/standalone ./
  [nv-config-manager-ui] #17 CACHED
  [nv-config-manager-ui] #18 [deps 5/6] COPY package.json package-lock.json* ./
  [nv-config-manager-ui] #18 CACHED
  [nv-config-manager-ui] #19 [deps 2/6] COPY --from=scripts configure-apt-mirror.sh /tmp/configure-apt-mirror.sh
  [nv-config-manager-ui] #19 CACHED
  [nv-config-manager-ui] #20 [builder 3/3] RUN npm run build
  [nv-config-manager-ui] #20 CACHED
  [nv-config-manager-ui] #21 [runner 5/5] COPY --from=builder --chown=1000:1000 /app/.next/static ./.next/static
  [nv-config-manager-ui] #21 CACHED
  [nv-config-manager-ui] #22 exporting to image
  [nv-config-manager-ui] #22 exporting layers done
  [nv-config-manager-ui] #22 exporting manifest sha256:57db8b38729e9b2321312c95c677768314c5b7f2ddb02a0649291cfc01838026 done
  [nv-config-manager-ui] #22 exporting config sha256:912b35b921830b35dc98f6e1d7ef8e1343b39c0bf15d7cb5a9e90b46a965bcab done
  [nv-config-manager-ui] #22 naming to docker.io/library/nv-config-manager-ui:local done
  [nv-config-manager-ui] #22 unpacking to docker.io/library/nv-config-manager-ui:local 0.0s done
  [nv-config-manager-ui] #22 DONE 0.0s
  [nv-config-manager-ui] 1 warning found (use docker --debug to expand):
  [nv-config-manager-ui]  - SecretsUsedInArgOrEnv: Do not use ARG or ENV instructions for sensitive data (ARG "APT_MIRROR_GPG_KEY_URL") (line 12)
  [nv-config-manager-ui] completed in 0s
  [nv-config-manager-kea-admin] $ docker build --provenance=false --progress=plain...
  [nv-config-manager-kea-admin] #0 building with "default" instance using docker driver
  [nv-config-manager-kea] #0 building with "default" instance using docker driver
  [nv-config-manager-kea] #1 [internal] load build definition from kea.Dockerfile
  [nv-config-manager-kea] #1 transferring dockerfile: 2.74kB done
  [nv-config-manager-kea] #1 DONE 0.0s
  [nv-config-manager] #3 docker-image://docker.io/docker/dockerfile:1.7@sha256:a57df69d0ea827fb7266491f2813635de6f17269be881f696fbfdf2d83dda33e
  [nv-config-manager] #3 resolve docker.io/docker/dockerfile:1.7@sha256:a57df69d0ea827fb7266491f2813635de6f17269be881f696fbfdf2d83dda33e 0.0s done
  [nv-config-manager] #3 CACHED
  [nv-config-manager] #4 [context scripts] load .dockerignore
  [nv-config-manager] #4 DONE 0.0s
  [nv-config-manager] #5 [internal] load metadata for nvcr.io/nvidia/distroless/python:3.13-v4.0.8
  [nv-config-manager] #5 ...
  [nv-config-manager-nautobot] #4 [internal] load metadata for ghcr.io/astral-sh/uv:python3.11-bookworm-slim
  [nv-config-manager-nautobot] #4 ...
  [nv-config-manager-kea-admin] #1 [internal] load build definition from kea-admin.Dockerfile
  [nv-config-manager-kea-admin] #1 transferring dockerfile: 1.71kB done
  [nv-config-manager-kea-admin] #1 WARN: SecretsUsedInArgOrEnv: Do not use ARG or ENV instructions for sensitive data (ARG "APT_MIRROR_GPG_KEY_URL") (line 17)
  [nv-config-manager-kea-admin] #1 DONE 0.0s
  [nv-config-manager-kea-admin] #2 [context scripts] load .dockerignore
  [nv-config-manager-kea-admin] #2 transferring scripts: 2B done
  [nv-config-manager-kea-admin] #2 DONE 0.0s
  [nv-config-manager-kea-admin] #3 [internal] load metadata for nvcr.io/nvidia/base/ubuntu:noble-20260217
  [nv-config-manager-kea-admin] #3 DONE 0.0s
  [nv-config-manager-kea-admin] #4 [internal] load .dockerignore
  [nv-config-manager-kea-admin] #4 transferring context: 2B done
  [nv-config-manager-kea-admin] #4 DONE 0.0s
  [nv-config-manager-kea-admin] #5 [stage-0 1/5] FROM nvcr.io/nvidia/base/ubuntu:noble-20260217@sha256:57a7daab5579d4b4cfbe25b59dc9d22d0c4cec24e5608523e77fd5f12e9da51a
  [nv-config-manager-kea-admin] #5 resolve nvcr.io/nvidia/base/ubuntu:noble-20260217@sha256:57a7daab5579d4b4cfbe25b59dc9d22d0c4cec24e5608523e77fd5f12e9da51a 0.0s done
  [nv-config-manager-kea-admin] #5 DONE 0.0s
  [nv-config-manager-kea-admin] #6 [context scripts] load from client
  [nv-config-manager-kea-admin] #6 transferring scripts: 1.99kB done
  [nv-config-manager-kea-admin] #6 DONE 0.0s
  [nv-config-manager-kea-admin] #7 [internal] load build context
  [nv-config-manager-kea-admin] #7 transferring context: 3.12kB done
  [nv-config-manager-kea-admin] #7 DONE 0.0s
  [nv-config-manager-kea-admin] #8 [stage-0 2/5] COPY --from=scripts configure-apt-mirror.sh /tmp/configure-apt-mirror.sh
  [nv-config-manager-kea-admin] #8 CACHED
  [nv-config-manager-kea-admin] #9 [stage-0 3/5] RUN set -eux;     /tmp/configure-apt-mirror.sh "" "" ubuntu &&     apt-get update && apt-get upgrade -y &&     apt-get install -y --no-install-recommends         bash         ca-certificates         curl         gnupg         postgresql-client &&     curl -1sLf 'https://dl.cloudsmith.io/public/isc/kea-2-6/setup.deb.sh' | bash &&     apt-get update &&     apt-get install -y --no-install-recommends isc-kea-admin &&     apt-get clean &&     rm -rf /var/lib/apt/lists/*
  [nv-config-manager-kea-admin] #9 CACHED
  [nv-config-manager-kea-admin] #10 [stage-0 4/5] COPY build/kea-admin/entrypoint.sh /entrypoint.sh
  [nv-config-manager-kea-admin] #10 CACHED
  [nv-config-manager-kea-admin] #11 [stage-0 5/5] RUN chmod +x /entrypoint.sh
  [nv-config-manager-kea-admin] #11 CACHED
  [nv-config-manager-kea-admin] #12 exporting to image
  [nv-config-manager-kea-admin] #12 exporting layers done
  [nv-config-manager-kea-admin] #12 exporting manifest sha256:f89108d884b25f942f5577d0d6e631cf19aab17b179d7ed881f3c0b08d01f21e done
  [nv-config-manager-kea-admin] #12 exporting config sha256:498959d2c89b63750db61fe77f9006060178ead95bb142e3b552c43bd59cf7cc done
  [nv-config-manager-kea-admin] #12 naming to docker.io/library/nv-config-manager-kea-admin:local done
  [nv-config-manager-kea-admin] #12 unpacking to docker.io/library/nv-config-manager-kea-admin:local done
  [nv-config-manager-kea-admin] #12 DONE 0.0s
  [nv-config-manager-kea-admin] 1 warning found (use docker --debug to expand):
  [nv-config-manager-kea-admin]  - SecretsUsedInArgOrEnv: Do not use ARG or ENV instructions for sensitive data (ARG "APT_MIRROR_GPG_KEY_URL") (line 17)
  [nv-config-manager-kea-admin] completed in 0s
  [nv-config-manager-kea] #2 [context scripts] load .dockerignore
  [nv-config-manager-kea] #2 transferring scripts: 2B done
  [nv-config-manager-kea] #2 DONE 0.0s
  [nv-config-manager-kea] #3 [internal] load metadata for nvcr.io/nvidia/base/ubuntu:noble-20260217
  [nv-config-manager-kea] #3 DONE 0.1s
  [nv-config-manager] #4 [context scripts] load .dockerignore
  [nv-config-manager] #4 transferring scripts: 2B done
  [nv-config-manager] #4 DONE 0.0s
  [nv-config-manager-nautobot] #5 [context scripts] load .dockerignore
  [nv-config-manager-nautobot] #5 transferring scripts: 2B done
  [nv-config-manager-nautobot] #5 DONE 0.0s
  [nv-config-manager-nautobot] #6 [internal] load metadata for nvcr.io/nvidia/distroless/python:3.11-v4.0.8
  [nv-config-manager-nautobot] #6 DONE 0.3s
  [nv-config-manager] #6 [internal] load metadata for ghcr.io/astral-sh/uv:python3.13-bookworm-slim
  [nv-config-manager] #6 ...
  [nv-config-manager-kea] #4 [internal] load .dockerignore
  [nv-config-manager-kea] #4 transferring context: 2B done
  [nv-config-manager-kea] #4 DONE 0.0s
  [nv-config-manager-kea] #5 [stage-0 1/5] FROM nvcr.io/nvidia/base/ubuntu:noble-20260217@sha256:57a7daab5579d4b4cfbe25b59dc9d22d0c4cec24e5608523e77fd5f12e9da51a
  [nv-config-manager-kea] #5 resolve nvcr.io/nvidia/base/ubuntu:noble-20260217@sha256:57a7daab5579d4b4cfbe25b59dc9d22d0c4cec24e5608523e77fd5f12e9da51a 0.0s done
  [nv-config-manager-kea] #5 DONE 0.0s
  [nv-config-manager-kea] #6 [context scripts] load from client
  [nv-config-manager-kea] #6 transferring scripts: 1.99kB done
  [nv-config-manager-kea] #6 DONE 0.0s
  [nv-config-manager-kea] #7 [internal] load build context
  [nv-config-manager-kea] #7 transferring context: 4.07kB 0.1s done
  [nv-config-manager-kea] #7 DONE 0.2s
  [nv-config-manager-kea] #8 [stage-0 3/7] RUN set -eux;     /tmp/configure-apt-mirror.sh "" "" ubuntu &&     apt-get update && apt-get upgrade -y &&     apt-get install -y --no-install-recommends         bash         ca-certificates         curl         gnupg         supervisor &&     curl -1sLf 'https://dl.cloudsmith.io/public/isc/kea-2-6/setup.deb.sh' | bash &&     apt-get update &&     apt-get install -y --no-install-recommends         isc-kea-ctrl-agent         isc-kea-dhcp4         isc-kea-hooks &&     apt-get clean &&     rm -rf /var/lib/apt/lists/* &&     groupadd -r kea 2>/dev/null || true &&     useradd -r -g kea kea 2>/dev/null || true
  [nv-config-manager-kea] #8 CACHED
  [nv-config-manager-kea] #9 [stage-0 6/7] COPY build/kea/ /
  [nv-config-manager-kea] #9 CACHED
  [nv-config-manager-kea] #10 [stage-0 4/7] COPY build/setup.stork.deb.sh /tmp/setup.stork.deb.sh
  [nv-config-manager-kea] #10 CACHED
  [nv-config-manager-kea] #11 [stage-0 5/7] RUN bash /tmp/setup.stork.deb.sh &&     apt-get install -y --no-install-recommends isc-stork-agent=2.4.1* &&     rm /tmp/setup.stork.deb.sh &&     apt-get clean &&     rm -rf /var/lib/apt/lists/*
  [nv-config-manager-kea] #11 CACHED
  [nv-config-manager-kea] #12 [stage-0 2/7] COPY --from=scripts configure-apt-mirror.sh /tmp/configure-apt-mirror.sh
  [nv-config-manager-kea] #12 CACHED
  [nv-config-manager-kea] #13 [stage-0 7/7] RUN mkdir -p /var/run/kea /var/log/kea /var/lib/kea /var/log/supervisor &&     chown -R kea:kea /var/run/kea /var/log/kea /var/lib/kea /etc/kea &&     chmod 644 /etc/kea/kea-dhcp4.conf /etc/kea/kea-ctrl-agent.conf &&     KEA_HOOKS_PATH=$(ls -d /usr/lib/*/kea/hooks 2>/dev/null | head -1) &&     sed -i "s|/usr/lib/kea/hooks|${KEA_HOOKS_PATH}|g" /etc/kea/kea-dhcp4.conf
  [nv-config-manager-kea] #13 CACHED
  [nv-config-manager-kea] #14 exporting to image
  [nv-config-manager-kea] #14 exporting layers done
  [nv-config-manager-kea] #14 exporting manifest sha256:0f6a15b0fe366675b57674bd7d4cc069ebf6fbf0de6c518de0b8f68dabb5fb16 done
  [nv-config-manager-kea] #14 exporting config sha256:34b4d489e66ace7b2f9d82c6eab791466f1127fdb838016bed1243f999243bda done
  [nv-config-manager-kea] #14 naming to docker.io/library/nv-config-manager-kea:local done
  [nv-config-manager-kea] #14 unpacking to docker.io/library/nv-config-manager-kea:local done
  [nv-config-manager-kea] #14 DONE 0.0s
  [nv-config-manager-kea] 1 warning found (use docker --debug to expand):
  [nv-config-manager-kea]  - SecretsUsedInArgOrEnv: Do not use ARG or ENV instructions for sensitive data (ARG "APT_MIRROR_GPG_KEY_URL") (line 13)
  [nv-config-manager-kea] completed in 0s
  [nv-config-manager] #5 [internal] load metadata for nvcr.io/nvidia/distroless/python:3.13-v4.0.8
  [nv-config-manager] #5 DONE 0.3s
  [nv-config-manager] #6 [internal] load metadata for ghcr.io/astral-sh/uv:python3.13-bookworm-slim
  [nv-config-manager] #6 DONE 0.6s
  [nv-config-manager-nautobot] #4 [internal] load metadata for ghcr.io/astral-sh/uv:python3.11-bookworm-slim
  [nv-config-manager-nautobot] #4 DONE 0.6s
  [nv-config-manager-nautobot] #7 [internal] load .dockerignore
  [nv-config-manager-nautobot] #7 transferring context: 2B done
  [nv-config-manager-nautobot] #7 DONE 0.0s
  [nv-config-manager-nautobot] #8 [internal] load build context
  [nv-config-manager-nautobot] #8 DONE 0.0s
  [nv-config-manager-nautobot] #9 [context scripts] load from client
  [nv-config-manager-nautobot] #9 DONE 0.0s
  [nv-config-manager-nautobot] #10 [stage-1  1/47] FROM nvcr.io/nvidia/distroless/python:3.11-v4.0.8@sha256:bf89b7509eed586d519baf1044e29387d5936d0928065fb68fea7f53fa919df5
  [nv-config-manager-nautobot] #10 resolve nvcr.io/nvidia/distroless/python:3.11-v4.0.8@sha256:bf89b7509eed586d519baf1044e29387d5936d0928065fb68fea7f53fa919df5 0.1s done
  [nv-config-manager-nautobot] #10 DONE 0.1s
  [nv-config-manager-nautobot] #11 [builder  1/13] FROM ghcr.io/astral-sh/uv:python3.11-bookworm-slim@sha256:4f5d923c9dcea037f57bda425dd209f3ec643da2f0b74227f68d09dab0b3bb36
  [nv-config-manager-nautobot] #11 resolve ghcr.io/astral-sh/uv:python3.11-bookworm-slim@sha256:4f5d923c9dcea037f57bda425dd209f3ec643da2f0b74227f68d09dab0b3bb36 0.1s done
  [nv-config-manager-nautobot] #11 DONE 0.1s
  [nv-config-manager-nautobot] #9 [context scripts] load from client
  [nv-config-manager-nautobot] #9 transferring scripts: 1.99kB done
  [nv-config-manager-nautobot] #9 DONE 0.0s
  [nv-config-manager-nautobot] #8 [internal] load build context
  [nv-config-manager-nautobot] #8 transferring context: 4.40MB 0.0s done
  [nv-config-manager-nautobot] #8 DONE 0.1s
  [nv-config-manager] #7 [internal] load .dockerignore
  [nv-config-manager] #7 transferring context: 2B done
  [nv-config-manager] #7 DONE 0.0s
  [nv-config-manager] #8 [builder  1/11] FROM ghcr.io/astral-sh/uv:python3.13-bookworm-slim@sha256:531f855bda2c73cd6ef67d56b733b357cea384185b3022bd09f05e002cd144ca
  [nv-config-manager] #8 resolve ghcr.io/astral-sh/uv:python3.13-bookworm-slim@sha256:531f855bda2c73cd6ef67d56b733b357cea384185b3022bd09f05e002cd144ca 0.0s done
  [nv-config-manager] #8 DONE 0.0s
  [nv-config-manager] #9 [stage-1  1/11] FROM nvcr.io/nvidia/distroless/python:3.13-v4.0.8@sha256:89574a7b9524b7166ff3e0c547ad87a203437b3afe71dfb9878e279196254b76
  [nv-config-manager] #9 resolve nvcr.io/nvidia/distroless/python:3.13-v4.0.8@sha256:89574a7b9524b7166ff3e0c547ad87a203437b3afe71dfb9878e279196254b76 0.0s done
  [nv-config-manager] #9 DONE 0.0s
  [nv-config-manager] #10 [context scripts] load from client
  [nv-config-manager] #10 transferring scripts: 45B done
  [nv-config-manager] #10 DONE 0.0s
  [nv-config-manager] #11 [internal] load build context
  [nv-config-manager] #11 transferring context: 7.41MB 0.1s done
  [nv-config-manager] #11 DONE 0.1s
  [nv-config-manager] #12 [stage-1  4/11] COPY --from=builder /code/nv-config-manager/db /code/nv-config-manager/db
  [nv-config-manager] #12 CACHED
  [nv-config-manager] #13 [builder  4/11] WORKDIR /code/nv-config-manager
  [nv-config-manager] #13 CACHED
  [nv-config-manager] #14 [builder  8/11] COPY db/migrations/ /code/nv-config-manager/db/migrations/
  [nv-config-manager] #14 CACHED
  [nv-config-manager] #15 [builder  2/11] COPY --from=scripts configure-apt-mirror.sh /tmp/configure-apt-mirror.sh
  [nv-config-manager] #15 CACHED
  [nv-config-manager] #16 [stage-1  7/11] COPY --from=builder /etc/ssh/moduli /etc/ssh/moduli
  [nv-config-manager] #16 CACHED
  [nv-config-manager] #17 [stage-1  6/11] COPY --from=builder /code/nv-config-manager/src/tests/integration/ /code/nv-config-manager/src/tests/integration/
  [nv-config-manager] #17 CACHED
  [nv-config-manager] #18 [stage-1  8/11] COPY --from=builder /sftp-bin/sftp /usr/bin/sftp
  [nv-config-manager] #18 CACHED
  [nv-config-manager] #19 [builder  3/11] RUN set -eux;     /tmp/configure-apt-mirror.sh "" "" debian &&     apt-get update && apt-get install -y --no-install-recommends     g++     gcc     libffi-dev     libpq-dev     openssh-server     sshpass &&     rm -rf /var/lib/apt/lists/* &&     mkdir -p /sftp-bin /sftp-lib &&     cp /usr/bin/sftp /usr/bin/ssh /usr/bin/sshpass /sftp-bin/ &&     for bin in /usr/bin/sftp /usr/bin/ssh /usr/bin/sshpass; do         ldd "$bin" | grep "=>" | awk '{print $3}' | xargs -I{} cp -n {} /sftp-lib/ 2>/dev/null || true;     done
  [nv-config-manager] #19 CACHED
  [nv-config-manager] #20 [builder  9/11] COPY db/alembic.ini /code/nv-config-manager/db/
  [nv-config-manager] #20 CACHED
  [nv-config-manager] #21 [builder 10/11] RUN uv venv /code/nv-config-manager/.venv
  [nv-config-manager] #21 CACHED
  [nv-config-manager] #22 [builder  5/11] COPY pyproject.toml uv.lock README.md /code/nv-config-manager/
  [nv-config-manager] #22 CACHED
  [nv-config-manager] #23 [stage-1  3/11] COPY --from=builder /code/nv-config-manager/.venv /code/nv-config-manager/.venv
  [nv-config-manager] #23 CACHED
  [nv-config-manager] #24 [stage-1 10/11] COPY --from=builder /sftp-bin/sshpass /usr/bin/sshpass
  [nv-config-manager] #24 CACHED
  [nv-config-manager] #25 [stage-1  9/11] COPY --from=builder /sftp-bin/ssh /usr/bin/ssh
  [nv-config-manager] #25 CACHED
  [nv-config-manager] #26 [stage-1  5/11] COPY --from=builder /code/nv-config-manager/src/tests/__init__.py /code/nv-config-manager/src/tests/__init__.py
  [nv-config-manager] #26 CACHED
  [nv-config-manager] #27 [builder  7/11] COPY components/network-templates/ /code/nv-config-manager/components/network-templates/
  [nv-config-manager] #27 CACHED
  [nv-config-manager] #28 [builder 11/11] RUN --mount=type=cache,id=nvcm-uv-cache,target=/root/.cache/uv     set -eux;     if [ -n "" ]; then         export SETUPTOOLS_SCM_PRETEND_VERSION="";     fi;     if [ "false" = "true" ]; then         uv sync             --frozen             --no-dev             --group integration-test             --no-editable             --no-binary-package numpy             --config-settings-package "numpy:setup-args=-Dcpu-baseline=min"             --config-settings-package "numpy:setup-args=-Dcpu-dispatch=max"             --config-settings-package "numpy:setup-args=-Dallow-noblas=true";     else         uv sync --frozen --no-dev --group integration-test --no-editable;     fi;     chmod -R a+rX /code/nv-config-manager/.venv /code/nv-config-manager/db /code/nv-config-manager/src
  [nv-config-manager] #28 CACHED
  [nv-config-manager] #29 [stage-1  2/11] WORKDIR /code/nv-config-manager
  [nv-config-manager] #29 CACHED
  [nv-config-manager] #30 [builder  6/11] COPY src/ /code/nv-config-manager/src/
  [nv-config-manager] #30 CACHED
  [nv-config-manager] #31 [stage-1 11/11] COPY --from=builder /sftp-lib/ /lib/
  [nv-config-manager] #31 CACHED
  [nv-config-manager] #32 exporting to image
  [nv-config-manager] #32 exporting layers done
  [nv-config-manager] #32 exporting manifest sha256:2ee11356ded1171a86a81086fb71f54b51226c65cdfb9e81624d62e43160b4bb done
  [nv-config-manager] #32 exporting config sha256:1f867dd849ff0ab5a2784db911c4815cadbeb0f30076e6c5f1b6bde648aba294 done
  [nv-config-manager] #32 naming to docker.io/library/nv-config-manager:local done
  [nv-config-manager] #32 unpacking to docker.io/library/nv-config-manager:local 0.0s done
  [nv-config-manager] #32 DONE 0.1s
  [nv-config-manager] completed in 1s
  [nv-config-manager-nautobot] #12 [stage-1  8/47] COPY --from=builder --chown=1000:1000 /opt/nautobot/git /opt/nautobot/git
  [nv-config-manager-nautobot] #12 CACHED
  [nv-config-manager-nautobot] #13 [stage-1  6/47] COPY --from=builder --chown=1000:1000 /opt/nautobot/static /opt/nautobot/static
  [nv-config-manager-nautobot] #13 CACHED
  [nv-config-manager-nautobot] #14 [stage-1 33/47] COPY --from=builder /lib/*-linux-gnu/libk5crypto.so* /usr/lib/
  [nv-config-manager-nautobot] #14 CACHED
  [nv-config-manager-nautobot] #15 [stage-1 27/47] COPY --from=builder /lib/*-linux-gnu/libffi.so* /usr/lib/
  [nv-config-manager-nautobot] #15 CACHED
  [nv-config-manager-nautobot] #16 [stage-1 43/47] COPY --from=builder /lib/*-linux-gnu/libssh2.so* /usr/lib/
  [nv-config-manager-nautobot] #16 CACHED
  [nv-config-manager-nautobot] #17 [stage-1 39/47] COPY --from=builder /lib/*-linux-gnu/libp11-kit.so* /usr/lib/
  [nv-config-manager-nautobot] #17 CACHED
  [nv-config-manager-nautobot] #18 [stage-1 37/47] COPY --from=builder /lib/*-linux-gnu/libnettle.so* /usr/lib/
  [nv-config-manager-nautobot] #18 CACHED
  [nv-config-manager-nautobot] #19 [stage-1 14/47] COPY --from=builder /usr/lib/*-linux-gnu/libexslt.so* /usr/lib/
  [nv-config-manager-nautobot] #19 CACHED
  [nv-config-manager-nautobot] #20 [stage-1 41/47] COPY --from=builder /lib/*-linux-gnu/libpsl.so* /usr/lib/
  [nv-config-manager-nautobot] #20 CACHED
  [nv-config-manager-nautobot] #21 [stage-1 32/47] COPY --from=builder /lib/*-linux-gnu/libidn2.so* /usr/lib/
  [nv-config-manager-nautobot] #21 CACHED
  [nv-config-manager-nautobot] #22 [builder  5/13] COPY pyproject.toml uv.lock /opt/nautobot/
  [nv-config-manager-nautobot] #22 CACHED
  [nv-config-manager-nautobot] #23 [builder  2/13] COPY --from=scripts configure-apt-mirror.sh /tmp/configure-apt-mirror.sh
  [nv-config-manager-nautobot] #23 CACHED
  [nv-config-manager-nautobot] #24 [stage-1 42/47] COPY --from=builder /lib/*-linux-gnu/librtmp.so* /usr/lib/
  [nv-config-manager-nautobot] #24 CACHED
  [nv-config-manager-nautobot] #25 [builder  7/13] COPY nautobot-nv-config-manager /opt/nautobot/nautobot-nv-config-manager
  [nv-config-manager-nautobot] #25 CACHED
  [nv-config-manager-nautobot] #26 [stage-1 31/47] COPY --from=builder /lib/*-linux-gnu/libhogweed.so* /usr/lib/
  [nv-config-manager-nautobot] #26 CACHED
  [nv-config-manager-nautobot] #27 [builder  6/13] COPY nautobot-app-overlays /opt/nautobot/nautobot-app-overlays
  [nv-config-manager-nautobot] #27 CACHED
  [nv-config-manager-nautobot] #28 [builder  8/13] COPY nautobot_config.py /opt/nautobot/nautobot_config.py
  [nv-config-manager-nautobot] #28 CACHED
  [nv-config-manager-nautobot] #29 [builder  4/13] WORKDIR /opt/nautobot
  [nv-config-manager-nautobot] #29 CACHED
  [nv-config-manager-nautobot] #30 [builder 13/13] RUN mkdir -p /opt/nautobot/static     /opt/nautobot/media     /opt/nautobot/media/devicetype-images     /opt/nautobot/media/image-attachments     /opt/nautobot/git     /opt/nautobot/.cache &&     chmod -R a+rX /opt/nautobot/.venv /opt/nautobot/nautobot_config.py /opt/nautobot/nv_config_manager_auth
  [nv-config-manager-nautobot] #30 CACHED
  [nv-config-manager-nautobot] #31 [stage-1 20/47] COPY --from=builder /usr/lib/git-core /usr/lib/git-core
  [nv-config-manager-nautobot] #31 CACHED
  [nv-config-manager-nautobot] #32 [stage-1  3/47] COPY --from=builder /opt/nautobot/.venv /opt/nautobot/.venv
  [nv-config-manager-nautobot] #32 CACHED
  [nv-config-manager-nautobot] #33 [stage-1 18/47] COPY --from=builder /usr/lib/*-linux-gnu/libjpeg.so* /usr/lib/
  [nv-config-manager-nautobot] #33 CACHED
  [nv-config-manager-nautobot] #34 [stage-1 23/47] COPY --from=builder /lib/*-linux-gnu/libbrotlidec.so* /usr/lib/
  [nv-config-manager-nautobot] #34 CACHED
  [nv-config-manager-nautobot] #35 [builder 11/13] RUN uv venv /opt/nautobot/.venv
  [nv-config-manager-nautobot] #35 CACHED
  [nv-config-manager-nautobot] #36 [stage-1 21/47] COPY --from=builder /usr/share/git-core /usr/share/git-core
  [nv-config-manager-nautobot] #36 CACHED
  [nv-config-manager-nautobot] #37 [stage-1 22/47] COPY --from=builder /lib/*-linux-gnu/libbrotlicommon.so* /usr/lib/
  [nv-config-manager-nautobot] #37 CACHED
  [nv-config-manager-nautobot] #38 [builder 12/13] RUN --mount=type=cache,id=nvcm-uv-cache,target=/root/.cache/uv     set -eux;     if [ -n "" ]; then         export SETUPTOOLS_SCM_PRETEND_VERSION="";         export SETUPTOOLS_SCM_PRETEND_VERSION_FOR_NAUTOBOT_APP_OVERLAYS="";     fi;     if [ -n "" ]; then         export SETUPTOOLS_SCM_PRETEND_VERSION="";         export SETUPTOOLS_SCM_PRETEND_VERSION_FOR_NAUTOBOT_NV_CONFIG_MANAGER="";     fi;     uv sync --frozen --no-dev --no-editable
  [nv-config-manager-nautobot] #38 CACHED
  [nv-config-manager-nautobot] #39 [builder  3/13] RUN set -eux;     /tmp/configure-apt-mirror.sh "" "" debian &&     apt-get update && apt-get install -y --no-install-recommends     g++     gcc     git=1:2.39.5-0+deb12u3     libffi-dev     libjpeg-dev     libldap2-dev     libpq-dev     libsasl2-dev     libssl-dev     libxml2-dev     libxslt1-dev     zlib1g-dev &&     rm -rf /var/lib/apt/lists/*
  [nv-config-manager-nautobot] #39 CACHED
  [nv-config-manager-nautobot] #40 [stage-1 40/47] COPY --from=builder /lib/*-linux-gnu/libpcre2-8.so* /usr/lib/
  [nv-config-manager-nautobot] #40 CACHED
  [nv-config-manager-nautobot] #41 [stage-1 38/47] COPY --from=builder /lib/*-linux-gnu/libnghttp2.so* /usr/lib/
  [nv-config-manager-nautobot] #41 CACHED
  [nv-config-manager-nautobot] #42 [stage-1 10/47] COPY --from=builder --chown=1000:1000 /opt/nautobot/.cache /opt/nautobot/.cache
  [nv-config-manager-nautobot] #42 CACHED
  [nv-config-manager-nautobot] #43 [stage-1 19/47] COPY --from=builder /usr/bin/git /usr/bin/git
  [nv-config-manager-nautobot] #43 CACHED
  [nv-config-manager-nautobot] #44 [stage-1 25/47] COPY --from=builder /lib/*-linux-gnu/libcrypto.so* /usr/lib/
  [nv-config-manager-nautobot] #44 CACHED
  [nv-config-manager-nautobot] #45 [stage-1 28/47] COPY --from=builder /lib/*-linux-gnu/libgmp.so* /usr/lib/
  [nv-config-manager-nautobot] #45 CACHED
  [nv-config-manager-nautobot] #46 [stage-1 17/47] COPY --from=builder /usr/lib/*-linux-gnu/libsasl2.so* /usr/lib/
  [nv-config-manager-nautobot] #46 CACHED
  [nv-config-manager-nautobot] #47 [stage-1 15/47] COPY --from=builder /usr/lib/*-linux-gnu/libldap*.so* /usr/lib/
  [nv-config-manager-nautobot] #47 CACHED
  [nv-config-manager-nautobot] #48 [stage-1 45/47] COPY --from=builder /lib/*-linux-gnu/libunistring.so* /usr/lib/
  [nv-config-manager-nautobot] #48 CACHED
  [nv-config-manager-nautobot] #49 [stage-1  4/47] COPY --from=builder /opt/nautobot/nautobot_config.py /opt/nautobot/nautobot_config.py
  [nv-config-manager-nautobot] #49 CACHED
  [nv-config-manager-nautobot] #50 [builder  9/13] COPY nv_config_manager_jobs /opt/nautobot/jobs/nv_config_manager_jobs
  [nv-config-manager-nautobot] #50 CACHED
  [nv-config-manager-nautobot] #51 [stage-1 26/47] COPY --from=builder /lib/*-linux-gnu/libcurl-gnutls.so* /usr/lib/
  [nv-config-manager-nautobot] #51 CACHED
  [nv-config-manager-nautobot] #52 [stage-1 16/47] COPY --from=builder /usr/lib/*-linux-gnu/liblber*.so* /usr/lib/
  [nv-config-manager-nautobot] #52 CACHED
  [nv-config-manager-nautobot] #53 [stage-1  9/47] COPY --from=builder --chown=1000:1000 /opt/nautobot/jobs /opt/nautobot/jobs
  [nv-config-manager-nautobot] #53 CACHED
  [nv-config-manager-nautobot] #54 [stage-1 36/47] COPY --from=builder /lib/*-linux-gnu/libkrb5support.so* /usr/lib/
  [nv-config-manager-nautobot] #54 CACHED
  [nv-config-manager-nautobot] #55 [stage-1 44/47] COPY --from=builder /lib/*-linux-gnu/libtasn1.so* /usr/lib/
  [nv-config-manager-nautobot] #55 CACHED
  [nv-config-manager-nautobot] #56 [stage-1 13/47] COPY --from=builder /usr/lib/*-linux-gnu/libxslt.so* /usr/lib/
  [nv-config-manager-nautobot] #56 CACHED
  [nv-config-manager-nautobot] #57 [stage-1 30/47] COPY --from=builder /lib/*-linux-gnu/libgssapi_krb5.so* /usr/lib/
  [nv-config-manager-nautobot] #57 CACHED
  [nv-config-manager-nautobot] #58 [stage-1  2/47] WORKDIR /opt/nautobot
  [nv-config-manager-nautobot] #58 CACHED
  [nv-config-manager-nautobot] #59 [stage-1 34/47] COPY --from=builder /lib/*-linux-gnu/libkeyutils.so* /usr/lib/
  [nv-config-manager-nautobot] #59 CACHED
  [nv-config-manager-nautobot] #60 [stage-1 46/47] COPY --from=builder /lib/*-linux-gnu/libz.so* /usr/lib/
  [nv-config-manager-nautobot] #60 CACHED
  [nv-config-manager-nautobot] #61 [builder 10/13] COPY nv_config_manager_auth /opt/nautobot/nv_config_manager_auth
  [nv-config-manager-nautobot] #61 CACHED
  [nv-config-manager-nautobot] #62 [stage-1 24/47] COPY --from=builder /lib/*-linux-gnu/libcom_err.so* /usr/lib/
  [nv-config-manager-nautobot] #62 CACHED
  [nv-config-manager-nautobot] #63 [stage-1  7/47] COPY --from=builder --chown=1000:1000 /opt/nautobot/media /opt/nautobot/media
  [nv-config-manager-nautobot] #63 CACHED
  [nv-config-manager-nautobot] #64 [stage-1 12/47] COPY --from=builder /usr/lib/*-linux-gnu/libxml2.so* /usr/lib/
  [nv-config-manager-nautobot] #64 CACHED
  [nv-config-manager-nautobot] #65 [stage-1 11/47] COPY --from=builder /usr/lib/*-linux-gnu/libpq.so* /usr/lib/
  [nv-config-manager-nautobot] #65 CACHED
  [nv-config-manager-nautobot] #66 [stage-1 35/47] COPY --from=builder /lib/*-linux-gnu/libkrb5.so* /usr/lib/
  [nv-config-manager-nautobot] #66 CACHED
  [nv-config-manager-nautobot] #67 [stage-1  5/47] COPY --from=builder /opt/nautobot/nv_config_manager_auth /opt/nautobot/nv_config_manager_auth
  [nv-config-manager-nautobot] #67 CACHED
  [nv-config-manager-nautobot] #68 [stage-1 29/47] COPY --from=builder /lib/*-linux-gnu/libgnutls.so* /usr/lib/
  [nv-config-manager-nautobot] #68 CACHED
  [nv-config-manager-nautobot] #69 [stage-1 47/47] COPY --from=builder /lib/*-linux-gnu/libzstd.so* /usr/lib/
  [nv-config-manager-nautobot] #69 CACHED
  [nv-config-manager-nautobot] #70 exporting to image
  [nv-config-manager-nautobot] #70 exporting layers 0.0s done
  [nv-config-manager-nautobot] #70 exporting manifest sha256:ac8cda957aa6f55cc3487fd437015eca7c486188e0d7a58b7e6ba11cab171a4f done
  [nv-config-manager-nautobot] #70 exporting config sha256:b5ef39bbdeb618824886773fa511b88342195d976fe267fc805b3e202ee36a23 done
  [nv-config-manager-nautobot] #70 naming to docker.io/library/nv-config-manager-nautobot:local done
  [nv-config-manager-nautobot] #70 unpacking to docker.io/library/nv-config-manager-nautobot:local 0.0s done
  [nv-config-manager-nautobot] #70 DONE 0.1s
  [nv-config-manager-nautobot] completed in 2s
  Tagged nv-config-manager-nautobot:sha-ac8cda957aa6
  Tagged nv-config-manager-nats-ready:sha-d853e91dc00e
  Tagged nv-config-manager:sha-2ee11356ded1
  Tagged nv-config-manager-ui:sha-57db8b38729e
  Tagged nv-config-manager-kea:sha-0f6a15b0fe36
  Tagged nv-config-manager-kea-admin:sha-f89108d884b2
[*]  Build local images
[>]  Load images to Kind
  Loading nv-config-manager-nautobot:sha-ac8cda957aa6 into Kind cluster nv-config-manager...
  $ kind load docker-image nv-config-manager-nautobot:sha-ac8cda957aa6...
  Image: "nv-config-manager-nautobot:sha-ac8cda957aa6" with ID "sha256:ac8cda957aa6f55cc3487fd437015eca7c486188e0d7a58b7e6ba11cab171a4f" not yet present on node "nv-config-manager-control-plane", loading...
  Loading nv-config-manager-nats-ready:sha-d853e91dc00e into Kind cluster nv-config-manager...
  $ kind load docker-image nv-config-manager-nats-ready:sha-d853e91dc00e...
  Image: "nv-config-manager-nats-ready:sha-d853e91dc00e" with ID "sha256:d853e91dc00ec44ac15d9cbfd938309254fac94cb1f0e5ea7639131f4d273584" not yet present on node "nv-config-manager-control-plane", loading...
  Loading nv-config-manager:sha-2ee11356ded1 into Kind cluster nv-config-manager...
  $ kind load docker-image nv-config-manager:sha-2ee11356ded1...
  Image: "nv-config-manager:sha-2ee11356ded1" with ID "sha256:2ee11356ded1171a86a81086fb71f54b51226c65cdfb9e81624d62e43160b4bb" not yet present on node "nv-config-manager-control-plane", loading...
  Loading nv-config-manager-ui:sha-57db8b38729e into Kind cluster nv-config-manager...
  $ kind load docker-image nv-config-manager-ui:sha-57db8b38729e...
  Image: "nv-config-manager-ui:sha-57db8b38729e" with ID "sha256:57db8b38729e9b2321312c95c677768314c5b7f2ddb02a0649291cfc01838026" not yet present on node "nv-config-manager-control-plane", loading...
  Loading nv-config-manager-kea:sha-0f6a15b0fe36 into Kind cluster nv-config-manager...
  $ kind load docker-image nv-config-manager-kea:sha-0f6a15b0fe36...
  Image: "nv-config-manager-kea:sha-0f6a15b0fe36" with ID "sha256:0f6a15b0fe366675b57674bd7d4cc069ebf6fbf0de6c518de0b8f68dabb5fb16" not yet present on node "nv-config-manager-control-plane", loading...
  Loading nv-config-manager-kea-admin:sha-f89108d884b2 into Kind cluster nv-config-manager...
  $ kind load docker-image nv-config-manager-kea-admin:sha-f89108d884b2...
  Image: "nv-config-manager-kea-admin:sha-f89108d884b2" with ID "sha256:f89108d884b25f942f5577d0d6e631cf19aab17b179d7ed881f3c0b08d01f21e" not yet present on node "nv-config-manager-control-plane", loading...
  Pulling helper image docker.io/amd64/busybox:1.36 for platform linux/amd64...
  $ docker pull --platform linux/amd64...
  1.36: Pulling from amd64/busybox
  Digest: sha256:67d0b78bfe6269a83b91d6163c7d26fd6671d2df73199d44458c6e12247f182b
  Status: Image is up to date for amd64/busybox:1.36
  docker.io/amd64/busybox:1.36
  Tagging selected-platform helper image sha256:67d0b78bfe6269a83b91d6163c7d26fd6671d2df73199d44458c6e12247f182b as docker.io/library/busybox:1.36...
  $ docker tag sha256:67d0b78bfe6269a83b91d6163c7d26fd6671d2df73199d44458c6e12247f182b docker.io/library/busybox:1.36
  Loading helper image docker.io/library/busybox:1.36 into Kind node nv-config-manager-control-plane...
  $ docker save --platform linux/amd64... | docker exec --privileged -i...
  unpacking docker.io/library/busybox:1.36 (sha256:b7f3d86d6e84fc17718c48bcde1450807faa2d56704205c697b4bd5df7b9e29f)...done
[*]  Load images to Kind
[>]  Install CRDs / operators
  Installing Envoy Gateway...
  Installing Gateway API v1.4.1 CRDs...
  $ kubectl apply --server-side --force-conflicts...
  customresourcedefinition.apiextensions.k8s.io/backendtlspolicies.gateway.networking.k8s.io serverside-applied
  customresourcedefinition.apiextensions.k8s.io/gatewayclasses.gateway.networking.k8s.io serverside-applied
  customresourcedefinition.apiextensions.k8s.io/gateways.gateway.networking.k8s.io serverside-applied
  customresourcedefinition.apiextensions.k8s.io/grpcroutes.gateway.networking.k8s.io serverside-applied
  customresourcedefinition.apiextensions.k8s.io/httproutes.gateway.networking.k8s.io serverside-applied
  customresourcedefinition.apiextensions.k8s.io/referencegrants.gateway.networking.k8s.io serverside-applied
  $ helm show crds...
  $ kubectl apply --server-side --force-conflicts...
  customresourcedefinition.apiextensions.k8s.io/backends.gateway.envoyproxy.io serverside-applied
  customresourcedefinition.apiextensions.k8s.io/backendtrafficpolicies.gateway.envoyproxy.io serverside-applied
  customresourcedefinition.apiextensions.k8s.io/clienttrafficpolicies.gateway.envoyproxy.io serverside-applied
  customresourcedefinition.apiextensions.k8s.io/envoyextensionpolicies.gateway.envoyproxy.io serverside-applied
  customresourcedefinition.apiextensions.k8s.io/envoypatchpolicies.gateway.envoyproxy.io serverside-applied
  customresourcedefinition.apiextensions.k8s.io/envoyproxies.gateway.envoyproxy.io serverside-applied
  customresourcedefinition.apiextensions.k8s.io/httproutefilters.gateway.envoyproxy.io serverside-applied
  customresourcedefinition.apiextensions.k8s.io/securitypolicies.gateway.envoyproxy.io serverside-applied
  $ helm upgrade --install eg...
  Release "eg" does not exist. Installing it now.
  Pulled: docker.io/envoyproxy/gateway-helm:v1.6.5
  NAME: eg
  Digest: sha256:00b99d509f1111bdc0c21cc0512faf09a0e018cb286600cac315b633a72fd73d
  LAST DEPLOYED: Tue Sep 29 11:48:39 2026
  NAMESPACE: envoy-gateway-system
  STATUS: deployed
  REVISION: 1
  TEST SUITE: None
  NOTES:
  **************************************************************************
  *** PLEASE BE PATIENT: Envoy Gateway may take a few minutes to install ***
  **************************************************************************
  
  Envoy Gateway is an open source project for managing Envoy Proxy as a standalone or Kubernetes-based application gateway.
  
  Thank you for installing Envoy Gateway! 🎉
  
  Your release is named: eg. 🎉
  
  Your release is in namespace: envoy-gateway-system. 🎉
  
  To learn more about the release, try:
  
    $ helm status eg -n envoy-gateway-system
    $ helm get all eg -n envoy-gateway-system
  
  To have a quickstart of Envoy Gateway, please refer to https://gateway.envoyproxy.io/latest/tasks/quickstart.
  
  To get more details, please visit https://gateway.envoyproxy.io and https://github.com/envoyproxy/gateway.
  $ kubectl wait --timeout=120s -n...
  deployment.apps/envoy-gateway condition met
  Installing cert-manager...
  $ kubectl apply -f https://github.com/cert-manager/cert-manager/releases/download/v1.20.2/cert-manager.crds.yaml
  customresourcedefinition.apiextensions.k8s.io/challenges.acme.cert-manager.io created
  customresourcedefinition.apiextensions.k8s.io/orders.acme.cert-manager.io created
  customresourcedefinition.apiextensions.k8s.io/certificaterequests.cert-manager.io created
  customresourcedefinition.apiextensions.k8s.io/certificates.cert-manager.io created
  customresourcedefinition.apiextensions.k8s.io/clusterissuers.cert-manager.io created
  customresourcedefinition.apiextensions.k8s.io/issuers.cert-manager.io created
  $ helm upgrade --install cert-manager...
  Release "cert-manager" does not exist. Installing it now.
  NAME: cert-manager
  LAST DEPLOYED: Tue Sep 29 11:49:06 2026
  NAMESPACE: cert-manager
  STATUS: deployed
  REVISION: 1
  TEST SUITE: None
  NOTES:
  cert-manager v1.20.2 has been deployed successfully!
  
  In order to begin issuing certificates, you will need to set up a ClusterIssuer
  or Issuer resource (for example, by creating a 'letsencrypt-staging' issuer).
  
  More information on the different types of issuers and how to configure them
  can be found in our documentation:
  
  https://cert-manager.io/docs/configuration/
  
  For information on how to configure cert-manager to automatically provision
  Certificates for Ingress resources, take a look at the `ingress-shim`
  documentation:
  
  https://cert-manager.io/docs/usage/ingress/
  
  For information on how to configure cert-manager to automatically provision
  Certificates for Gateway API resources, take a look at the `gateway resource`
  documentation:
  
  https://cert-manager.io/docs/usage/gateway/
  Installing CNPG operator...
  $ helm upgrade --install cnpg...
  Release "cnpg" does not exist. Installing it now.
  NAME: cnpg
  LAST DEPLOYED: Tue Sep 29 11:49:25 2026
  NAMESPACE: cnpg-system
  STATUS: deployed
  REVISION: 1
  TEST SUITE: None
  NOTES:
  CloudNativePG operator should be installed in namespace "cnpg-system".
  You can now create a PostgreSQL cluster with 3 nodes as follows:
  
  cat <<EOF | kubectl apply -f -
  # Example of PostgreSQL cluster
  apiVersion: postgresql.cnpg.io/v1
  kind: Cluster
  metadata:
    name: cluster-example
    
  spec:
    instances: 3
    storage:
      size: 1Gi
  EOF
  
  kubectl get -A cluster
  Installing prometheus-operator CRDs...
  $ helm upgrade --install nv-config-manager-prom-crds...
  Release "nv-config-manager-prom-crds" does not exist. Installing it now.
  NAME: nv-config-manager-prom-crds
  LAST DEPLOYED: Tue Sep 29 11:49:36 2026
  NAMESPACE: nv-config-manager-monitoring
  STATUS: deployed
  REVISION: 1
  TEST SUITE: None
[*]  Install CRDs / operators
[>]  Create namespace
  Created: nv-config-manager (context=kind-nv-config-manager)
[*]  Create namespace
[>]  Create Kubernetes secrets
  Created: redis-password
  Created: nautobot-token
  Created: cluster-temporal-app
  Created: cluster-temporal-visibility-app
  Created: cluster-config-store-app
  Created: cluster-dhcp-app
  Created: cluster-nautobot-app
  Created: nautobot-admin
  Created: nautobot-django-secret
  Created: nats-sys
  Created: nats-nv-config-manager
  Created: nats-nautobot
  Created: device-creds
  Created: nv-config-manager-network-secrets
[*]  Create Kubernetes secrets
[>]  Setup custom jobs PVC
  Loader pod ready, copying jobs tarball...
  Extracting jobs into PVC...
[*]  Setup custom jobs PVC
[>]  Setup template plugins PVC
  Loader pod ready, copying templates tarball...
  Extracting template plugins into PVC...
[*]  Setup template plugins PVC
[>]  Setup ZTP images PVC
[*]  Setup ZTP images PVC
[>]  Generate Helm values
[*]  Generate Helm values
[>]  Helm install / upgrade
  Running: helm dependency update ...
  $ helm dependency update deploy/helm
  Getting updates for unmanaged Helm repositories...
  ...Successfully got an update from the "https://grafana.github.io/helm-charts" chart repository
  ...Successfully got an update from the "https://grafana.github.io/helm-charts" chart repository
  ...Successfully got an update from the "https://grafana.github.io/helm-charts" chart repository
  Hang tight while we grab the latest from your chart repositories...
  ...Successfully got an update from the "cnpg" chart repository
  ...Successfully got an update from the "jetstack" chart repository
  ...Successfully got an update from the "prometheus-community" chart repository
  Update Complete. ⎈Happy Helming!⎈
  Saving 4 charts
  Downloading prometheus from repo https://prometheus-community.github.io/helm-charts
  Downloading grafana from repo https://grafana.github.io/helm-charts
  Downloading loki from repo https://grafana.github.io/helm-charts
  Downloading alloy from repo https://grafana.github.io/helm-charts
  Deleting outdated charts
  Layering values-observability.yaml (LOCAL-DEV observability stack)
  Running: helm upgrade --install nv-config-manager ...
  $ helm upgrade --install nv-config-manager...
  Release "nv-config-manager" does not exist. Installing it now.
  NAME: nv-config-manager
  LAST DEPLOYED: Tue Sep 29 11:49:59 2026
  NAMESPACE: nv-config-manager
  STATUS: deployed
  REVISION: 1
  TEST SUITE: None
[*]  Helm install / upgrade
[>]  Patch Envoy Gateway
[*]  Patch Envoy Gateway
[-]  Restart Nautobot
[-]  Restart Render Service
[-]  Run post-deploy jobs
[-]  Refresh caches
[-]  Run integration tests
[>]  Collect endpoints
  Render Service:   https://render.config-manager.local
  Network ZTP:      https://ztp.config-manager.local
  Network DHCP:     https://dhcp.config-manager.local
  Config Store API: https://config-store.config-manager.local
  Config Store UI:  https://config-manager.local/configs
  Workflow API:     https://workflow.config-manager.local
  Workflow UI:      https://config-manager.local/workflows
  Temporal UI:      https://temporal.config-manager.local
  Nautobot:         https://nautobot.config-manager.local
[*]  Collect endpoints

Deployment completed successfully!
  Render Service:   https://render.config-manager.local
  Network ZTP:      https://ztp.config-manager.local
  Network DHCP:     https://dhcp.config-manager.local
  Config Store API: https://config-store.config-manager.local
  Config Store UI:  https://config-manager.local/configs
  Workflow API:     https://workflow.config-manager.local
  Workflow UI:      https://config-manager.local/workflows
  Temporal UI:      https://temporal.config-manager.local
  Nautobot:         https://nautobot.config-manager.local
[nvcm] ensuring :local image tags exist in kind (prevents ImagePullBackOff on later restarts) ...
[nvcm] waiting for the core deployments to become Available ...
deployment "nv-config-manager-nautobot" successfully rolled out
deployment "nv-config-manager-render-api" successfully rolled out
[nvcm] recorded installed NVCM commit (a6af41250fb2cb1353d0788002aede2d351bd531) on namespace 'nv-config-manager' for the next run's version check.

══════════════════════════════════════════════════════════════════════
  Observability extras — Loki + Alloy log pipeline + durable Prometheus (helm upgrade, --reuse-values)
══════════════════════════════════════════════════════════════════════
[nvcm] [INFO] Observability extras are missing from this release; installing version 1.3.0.
Release "nv-config-manager" has been upgraded. Happy Helming!
NAME: nv-config-manager
LAST DEPLOYED: Tue Sep 29 11:58:26 2026
NAMESPACE: nv-config-manager
STATUS: deployed
REVISION: 2
TEST SUITE: None
[nvcm] observability extras applied (loki / alloy logs / grafana datasource / prometheus persistence).

══════════════════════════════════════════════════════════════════════
  Part I — verify NVCM + Nautobot readiness
══════════════════════════════════════════════════════════════════════
  Part I — NVCM + Nautobot readiness (namespace nv-config-manager):
   [PASS] all pods Running/Completed
   [PASS] render-api available (replicas=1)
   [PASS] Nautobot web available (replicas=1)
   [WARN] ingress gateway not PROGRAMMED — normal on kind (no external LB); does not block Day-0 operation.
          If the UIs are unreachable, use kubectl port-forward or check the gateway (setup_guide.md §14).
   [PASS] PVC nautobot-custom-jobs present
   [PASS] PVC render-service-template-plugins present
   [PASS] render-api mounts render-service-template-plugins
   [PASS] admin token secret present
[nvcm] PART I COMPLETE — NVCM + Nautobot installed and verified. Next: rafay-custom-helm.sh install
[install] PART I done (scope: nvcm). Add the Rafay layer with:  platform/platform_install.sh rafay --platform-only
