Warning: To increase security of your API key located at /home/runner/.oci/key.pem, append an extra line with 'OCI_API_KEY' at the end. For more information, refer to https://docs.oracle.com/iaas/Content/API/Concepts/apisigningkey.htm. To suppress the warning, set the env variable SUPPRESS_LABEL_WARNING=True
[lab] instance state: STOPPED
Warning: To increase security of your API key located at /home/runner/.oci/key.pem, append an extra line with 'OCI_API_KEY' at the end. For more information, refer to https://docs.oracle.com/iaas/Content/API/Concepts/apisigningkey.htm. To suppress the warning, set the env variable SUPPRESS_LABEL_WARNING=True
Action completed. Waiting until the resource has entered state: ('RUNNING',)
[lab] instance RUNNING
Warning: To increase security of your API key located at /home/runner/.oci/key.pem, append an extra line with 'OCI_API_KEY' at the end. For more information, refer to https://docs.oracle.com/iaas/Content/API/Concepts/apisigningkey.htm. To suppress the warning, set the env variable SUPPRESS_LABEL_WARNING=True
::warning::SSH_KNOWN_HOSTS not set — trusting the lab host key on first use
[lab] lab = ubuntu@161.153.73.41; waiting for SSH
[lab] systemd: running
[agent] preflight ok: aa-nvcm-vlab-3 · Ubuntu 24.04.5 LTS · 20 cpu · 48 GiB · 542G free
[agent] moved previous checkout aside -> /home/ubuntu/launchpad/previous-clones/rafay_nvcm_poc.20261007T183037Z
[agent] checked out ramakrishna-rafay/rafay_nvcm_poc@aa_prototype_fixes (2dfff10 Update author in revision history comment)
RUN_KEY=37667125853-1
RUN_DIR=/home/ubuntu/launchpad/runs/37667125853-1
POC_DIR=/home/ubuntu/rafay_nvcm_poc
POC_REPO=ramakrishna-rafay/rafay_nvcm_poc
POC_BRANCH=aa_prototype_fixes
POC_SHA=2dfff108f631192b2ebcce8826a6183ec0f28628
LAB_IP=10.0.0.133
BLUEPRINT_SOURCE=existing
TENANTS=3-11
